Archive member included to satisfy reference by file (symbol)

/var/www/html/glibc-build/elf/rtld-libc.a(rtld-check_fds.os)
                              /var/www/html/glibc-build/elf/dl-allobjs.os (__libc_check_standard_fds)
/var/www/html/glibc-build/elf/rtld-libc.a(rtld-errno.os)
                              /var/www/html/glibc-build/elf/dl-allobjs.os (rtld_errno)
/var/www/html/glibc-build/elf/rtld-libc.a(rtld-closedir.os)
                              /var/www/html/glibc-build/elf/dl-allobjs.os (__closedir)
/var/www/html/glibc-build/elf/rtld-libc.a(rtld-rewinddir.os)
                              /var/www/html/glibc-build/elf/dl-allobjs.os (__rewinddir)
/var/www/html/glibc-build/elf/rtld-libc.a(rtld-readdir64.os)
                              /var/www/html/glibc-build/elf/dl-allobjs.os (__readdir)
/var/www/html/glibc-build/elf/rtld-libc.a(rtld-fdopendir.os)
                              /var/www/html/glibc-build/elf/dl-allobjs.os (__fdopendir)
/var/www/html/glibc-build/elf/rtld-libc.a(rtld-getdents64.os)
                              /var/www/html/glibc-build/elf/rtld-libc.a(rtld-readdir64.os) (__getdents64)
/var/www/html/glibc-build/elf/rtld-libc.a(rtld-dl-addr-obj.os)
                              /var/www/html/glibc-build/elf/dl-allobjs.os (_dl_addr_inside_object)
/var/www/html/glibc-build/elf/rtld-libc.a(rtld-profil.os)
                              /var/www/html/glibc-build/elf/dl-allobjs.os (__profil)
/var/www/html/glibc-build/elf/rtld-libc.a(rtld-prof-freq.os)
                              /var/www/html/glibc-build/elf/dl-allobjs.os (__profile_frequency)
/var/www/html/glibc-build/elf/rtld-libc.a(rtld-xstat.os)
                              /var/www/html/glibc-build/elf/dl-allobjs.os (__GI___xstat64)
/var/www/html/glibc-build/elf/rtld-libc.a(rtld-fxstat.os)
                              /var/www/html/glibc-build/elf/dl-allobjs.os (__GI___fxstat64)
/var/www/html/glibc-build/elf/rtld-libc.a(rtld-lxstat.os)
                              /var/www/html/glibc-build/elf/dl-allobjs.os (__GI___lxstat64)
/var/www/html/glibc-build/elf/rtld-libc.a(rtld-lseek64.os)
                              /var/www/html/glibc-build/elf/dl-allobjs.os (__lseek)
/var/www/html/glibc-build/elf/rtld-libc.a(rtld-access.os)
                              /var/www/html/glibc-build/elf/dl-allobjs.os (__access)
/var/www/html/glibc-build/elf/rtld-libc.a(rtld-close_nocancel.os)
                              /var/www/html/glibc-build/elf/dl-allobjs.os (__GI___close_nocancel)
/var/www/html/glibc-build/elf/rtld-libc.a(rtld-fcntl_nocancel.os)
                              /var/www/html/glibc-build/elf/dl-allobjs.os (__GI___fcntl64_nocancel)
/var/www/html/glibc-build/elf/rtld-libc.a(rtld-open64_nocancel.os)
                              /var/www/html/glibc-build/elf/dl-allobjs.os (__GI___open64_nocancel)
/var/www/html/glibc-build/elf/rtld-libc.a(rtld-openat64_nocancel.os)
                              /var/www/html/glibc-build/elf/dl-allobjs.os (__GI___openat64_nocancel)
/var/www/html/glibc-build/elf/rtld-libc.a(rtld-read_nocancel.os)
                              /var/www/html/glibc-build/elf/dl-allobjs.os (__GI___read_nocancel)
/var/www/html/glibc-build/elf/rtld-libc.a(rtld-write_nocancel.os)
                              /var/www/html/glibc-build/elf/dl-allobjs.os (__GI___write_nocancel)
/var/www/html/glibc-build/elf/rtld-libc.a(rtld-scratch_buffer_set_array_size.os)
                              /var/www/html/glibc-build/elf/dl-allobjs.os (__libc_scratch_buffer_set_array_size)
/var/www/html/glibc-build/elf/rtld-libc.a(rtld-mmap64.os)
                              /var/www/html/glibc-build/elf/dl-allobjs.os (__mmap)
/var/www/html/glibc-build/elf/rtld-libc.a(rtld-munmap.os)
                              /var/www/html/glibc-build/elf/dl-allobjs.os (__munmap)
/var/www/html/glibc-build/elf/rtld-libc.a(rtld-mprotect.os)
                              /var/www/html/glibc-build/elf/dl-allobjs.os (__mprotect)
/var/www/html/glibc-build/elf/rtld-libc.a(rtld-uname.os)
                              /var/www/html/glibc-build/elf/dl-allobjs.os (__uname)
/var/www/html/glibc-build/elf/rtld-libc.a(rtld-_exit.os)
                              /var/www/html/glibc-build/elf/dl-allobjs.os (__GI__exit)
/var/www/html/glibc-build/elf/rtld-libc.a(rtld-getpid.os)
                              /var/www/html/glibc-build/elf/dl-allobjs.os (__getpid)
/var/www/html/glibc-build/elf/rtld-libc.a(rtld-environ.os)
                              /var/www/html/glibc-build/elf/dl-allobjs.os (__environ)
/var/www/html/glibc-build/elf/rtld-libc.a(rtld-setjmp.os)
                              /var/www/html/glibc-build/elf/dl-allobjs.os (__sigsetjmp)
/var/www/html/glibc-build/elf/rtld-libc.a(rtld-__longjmp.os)
                              /var/www/html/glibc-build/elf/dl-allobjs.os (__longjmp)
/var/www/html/glibc-build/elf/rtld-libc.a(rtld-sigaction.os)
                              /var/www/html/glibc-build/elf/rtld-libc.a(rtld-profil.os) (__sigaction)
/var/www/html/glibc-build/elf/rtld-libc.a(rtld-strdup.os)
                              /var/www/html/glibc-build/elf/dl-allobjs.os (__strdup)
/var/www/html/glibc-build/elf/rtld-libc.a(rtld-strcmp-sse2.os)
                              /var/www/html/glibc-build/elf/dl-allobjs.os (strcmp)
/var/www/html/glibc-build/elf/rtld-libc.a(rtld-strncmp-sse2.os)
                              /var/www/html/glibc-build/elf/dl-allobjs.os (strncmp)
/var/www/html/glibc-build/elf/rtld-libc.a(rtld-memchr-sse2.os)
                              /var/www/html/glibc-build/elf/dl-allobjs.os (memchr)
/var/www/html/glibc-build/elf/rtld-libc.a(rtld-rawmemchr-sse2.os)
                              /var/www/html/glibc-build/elf/dl-allobjs.os (rawmemchr)
/var/www/html/glibc-build/elf/rtld-libc.a(rtld-memcmp-sse2.os)
                              /var/www/html/glibc-build/elf/dl-allobjs.os (memcmp)
/var/www/html/glibc-build/elf/rtld-libc.a(rtld-strchr-sse2.os)
                              /var/www/html/glibc-build/elf/dl-allobjs.os (strchr)
/var/www/html/glibc-build/elf/rtld-libc.a(rtld-strlen-sse2.os)
                              /var/www/html/glibc-build/elf/dl-allobjs.os (strlen)
/var/www/html/glibc-build/elf/rtld-libc.a(rtld-strnlen-sse2.os)
                              /var/www/html/glibc-build/elf/dl-allobjs.os (strnlen)
/var/www/html/glibc-build/elf/rtld-libc.a(rtld-stpcpy-sse2.os)
                              /var/www/html/glibc-build/elf/dl-allobjs.os (__stpcpy)
/var/www/html/glibc-build/elf/rtld-libc.a(rtld-strcspn-sse2.os)
                              /var/www/html/glibc-build/elf/dl-allobjs.os (strcspn)
/var/www/html/glibc-build/elf/rtld-libc.a(rtld-memmove-sse2-unaligned-erms.os)
                              /var/www/html/glibc-build/elf/dl-allobjs.os (__mempcpy)
/var/www/html/glibc-build/elf/rtld-libc.a(rtld-memset-sse2-unaligned-erms.os)
                              /var/www/html/glibc-build/elf/dl-allobjs.os (memset)
/var/www/html/glibc-build/elf/rtld-libc.a(rtld-setitimer.os)
                              /var/www/html/glibc-build/elf/rtld-libc.a(rtld-profil.os) (__setitimer)

Memory Configuration

Name             Origin             Length             Attributes
*default*        0x0000000000000000 0xffffffffffffffff

Linker script and memory map

START GROUP
LOAD /var/www/html/glibc-build/elf/dl-allobjs.os
LOAD /var/www/html/glibc-build/elf/rtld-libc.a
LOAD /usr/lib/gcc/x86_64-linux-gnu/7/libgcc.a
END GROUP

.interp
 *(.interp)

.note.gnu.build-id
 *(.note.gnu.build-id)

.hash
 *(.hash)

.gnu.hash
 *(.gnu.hash)

.dynsym
 *(.dynsym)

.dynstr
 *(.dynstr)

.gnu.version
 *(.gnu.version)

.gnu.version_d
 *(.gnu.version_d)

.gnu.version_r
 *(.gnu.version_r)

.rela.init
 *(.rela.init)

.rela.text
 *(.rela.text)

.rela.fini
 *(.rela.fini)

.rela.rodata
 *(.rela.rodata)

.rela.data.rel.ro
 *(.rela.data.rel.ro)

.rela.data
 *(.rela.data)

.rela.tdata
 *(.rela.tdata)

.rela.tbss
 *(.rela.tbss)

.rela.ctors
 *(.rela.ctors)

.rela.dtors
 *(.rela.dtors)

.rela.got
 *(.rela.got)

.rela.bss
 *(.rela.bss)

.rela.ldata
 *(.rela.ldata)

.rela.lbss
 *(.rela.lbss)

.rela.lrodata
 *(.rela.lrodata)

.rela.ifunc
 *(.rela.ifunc)

.rela.plt
 *(.rela.plt)

.init
 *(SORT_NONE(.init))

.plt
 *(.plt)
 *(.iplt)

.plt.got
 *(.plt.got)

.plt.sec
 *(.plt.sec)

.text           0x0000000000000000    0x1db50
 *(.text .stub)
 .text          0x0000000000000000    0x18ee0 /var/www/html/glibc-build/elf/dl-allobjs.os
                0x0000000000000000                _start
                0x0000000000000008                _dl_start_user
                0x0000000000001270                handle_ld_preload
                0x00000000000068d0                _dl_dst_count
                0x0000000000006970                _dl_dst_substitute
                0x0000000000007130                _dl_init_paths
                0x0000000000007430                _dl_map_object
                0x0000000000007e90                _dl_rtld_di_serinfo
                0x0000000000008de0                _dl_lookup_symbol_x
                0x0000000000009d00                _dl_setup_hash
                0x0000000000009db0                _dl_add_to_namespace_list
                0x0000000000009e40                _dl_new_object
                0x000000000000a1b0                _dl_try_allocate_static_tls
                0x000000000000a290                _dl_allocate_static_tls
                0x000000000000a2c0                _dl_nothread_init_static_tls
                0x000000000000a300                _dl_protect_relro
                0x000000000000a370                _dl_reloc_bad_type
                0x000000000000a440                _dl_relocate_object
                0x000000000000be80                _dl_map_object_deps
                0x000000000000ced0                _dl_important_hwcaps
                0x000000000000d690                _dl_fixup
                0x000000000000d850                _dl_profile_fixup
                0x000000000000de40                _dl_call_pltexit
                0x000000000000e060                _dl_init
                0x000000000000e1a0                _dl_fini
                0x000000000000e580                _dl_debug_state
                0x000000000000e580                __GI__dl_debug_state
                0x000000000000e590                _dl_debug_initialize
                0x000000000000ec20                _dl_sysdep_read_whole_file
                0x000000000000ecb0                _dl_debug_printf
                0x000000000000ed60                _dl_debug_printf_c
                0x000000000000ee10                _dl_dprintf
                0x000000000000eeb0                _dl_name_match_p
                0x000000000000ef20                _dl_higher_prime_number
                0x000000000000efa0                _dl_strtoul
                0x000000000000f110                _dl_check_map_versions
                0x000000000000f870                _dl_check_all_versions
                0x000000000000f8e0                _dl_start_profile
                0x0000000000010040                __GI__dl_mcount
                0x0000000000010040                _dl_mcount
                0x0000000000010590                _dl_next_tls_modid
                0x0000000000010690                _dl_count_modids
                0x0000000000010700                _dl_determine_tlsoffset
                0x00000000000108c0                _dl_get_tls_static_info
                0x00000000000108e0                _dl_allocate_tls_storage
                0x00000000000109a0                __GI__dl_allocate_tls_init
                0x00000000000109a0                _dl_allocate_tls_init
                0x0000000000010c20                __GI__dl_allocate_tls
                0x0000000000010c20                _dl_allocate_tls
                0x0000000000010c60                _dl_deallocate_tls
                0x0000000000010c60                __GI__dl_deallocate_tls
                0x0000000000010ce0                _dl_update_slotinfo
                0x0000000000010f50                __GI___tls_get_addr
                0x0000000000010f50                ___tls_get_addr
                0x0000000000010f90                _dl_tls_get_addr_soft
                0x0000000000011010                _dl_add_to_slotinfo
                0x0000000000011100                __tls_get_addr_slow
                0x0000000000011130                _dl_get_origin
                0x00000000000112d0                _dl_scope_free
                0x00000000000113a0                _dl_make_stack_executable
                0x00000000000113a0                __GI__dl_make_stack_executable
                0x0000000000011610                __GI__dl_find_dso_for_object
                0x0000000000011610                _dl_find_dso_for_object
                0x00000000000116e0                _dl_open
                0x0000000000011a00                _dl_show_scope
                0x0000000000012410                _dl_close_worker
                0x0000000000013450                _dl_close
                0x00000000000134c0                _dl_runtime_profile_avx512
                0x0000000000013940                _dl_runtime_profile_avx
                0x0000000000013dc0                _dl_runtime_profile_sse
                0x0000000000013fc0                _dl_runtime_resolve_fxsave
                0x0000000000014040                _dl_runtime_resolve_xsave
                0x0000000000014110                _dl_runtime_resolve_xsavec
                0x0000000000014200                _dl_exception_create
                0x0000000000014200                __GI__dl_exception_create
                0x0000000000014300                __GI__dl_exception_create_format
                0x0000000000014300                _dl_exception_create_format
                0x0000000000014780                _dl_exception_free
                0x0000000000014780                __GI__dl_exception_free
                0x00000000000147b0                _dl_sort_maps
                0x0000000000014a90                _dl_cache_libcmp
                0x0000000000014b60                _dl_load_cache_lookup
                0x0000000000015200                _dl_unload_cache
                0x0000000000015300                __tunable_set_val
                0x0000000000015320                __GI___tunables_init
                0x00000000000157e0                __tunable_get_val
                0x00000000000157e0                __GI___tunable_get_val
                0x0000000000015840                _dl_make_tlsdesc_dynamic
                0x0000000000015b40                _dl_tlsdesc_resolve_rela_fixup
                0x0000000000015d00                _dl_tlsdesc_resolve_hold_fixup
                0x0000000000015d40                _dl_unmap
                0x0000000000015dc0                _dl_tlsdesc_return
                0x0000000000015dd0                _dl_tlsdesc_undefweak
                0x0000000000015de0                _dl_tlsdesc_dynamic
                0x0000000000015e80                _dl_tlsdesc_resolve_rela
                0x0000000000015ef0                _dl_tlsdesc_resolve_hold
                0x0000000000015f70                __tls_get_addr
                0x0000000000015fb0                __get_cpu_features
                0x0000000000015fc0                _dl_tunable_set_hwcaps
                0x0000000000017050                _dl_sysdep_start
                0x0000000000017930                _dl_sysdep_start_cleanup
                0x0000000000017940                _dl_show_auxv
                0x0000000000017ac0                _dl_discover_osversion
                0x0000000000017ca0                _dl_next_ld_env_entry
                0x0000000000017cf0                unsetenv
                0x0000000000017d60                malloc
                0x0000000000017e90                calloc
                0x0000000000017ed0                free
                0x0000000000017f10                __sigjmp_save
                0x0000000000017f20                __strerror_r
                0x0000000000018000                __GI___libc_fatal
                0x0000000000018000                __libc_fatal
                0x0000000000018030                __GI___chk_fail
                0x0000000000018030                __chk_fail
                0x0000000000018040                __GI___assert_fail
                0x0000000000018040                __assert_fail
                0x0000000000018090                realloc
                0x0000000000018120                __GI___assert_perror_fail
                0x0000000000018120                __assert_perror_fail
                0x0000000000018190                _itoa
                0x00000000000181e0                __strsep
                0x00000000000181e0                strsep
                0x00000000000181e0                __strsep_g
                0x0000000000018320                _dl_signal_exception
                0x0000000000018370                _dl_signal_error
                0x00000000000183c0                _dl_signal_cexception
                0x0000000000018440                _dl_signal_cerror
                0x00000000000184d0                _dl_catch_exception
                0x0000000000018580                _dl_catch_error
                0x00000000000185d0                _dl_receive_error
                0x0000000000018610                _dl_resolve_conflicts
                0x0000000000018780                __brk
                0x0000000000018780                brk
                0x00000000000187d0                sbrk
                0x00000000000187d0                __sbrk
                0x0000000000018860                __getcwd
                0x0000000000018860                getcwd
                0x0000000000018c90                openat64
                0x0000000000018cf0                __alloc_dir
                0x0000000000018df0                __opendir
                0x0000000000018df0                opendir
                0x0000000000018e90                __fxstatat
                0x0000000000018e90                __fxstatat64
                0x0000000000018e90                __GI___fxstatat64
 .text          0x0000000000018ee0       0xd2 /var/www/html/glibc-build/elf/rtld-libc.a(rtld-check_fds.os)
                0x0000000000018f80                __libc_check_standard_fds
 .text          0x0000000000018fb2        0x0 /var/www/html/glibc-build/elf/rtld-libc.a(rtld-errno.os)
 *fill*         0x0000000000018fb2        0xe 
 .text          0x0000000000018fc0       0x28 /var/www/html/glibc-build/elf/rtld-libc.a(rtld-closedir.os)
                0x0000000000018fc0                __closedir
                0x0000000000018fc0                closedir
 *fill*         0x0000000000018fe8        0x8 
 .text          0x0000000000018ff0       0x30 /var/www/html/glibc-build/elf/rtld-libc.a(rtld-rewinddir.os)
                0x0000000000018ff0                rewinddir
                0x0000000000018ff0                __rewinddir
 .text          0x0000000000019020       0x8d /var/www/html/glibc-build/elf/rtld-libc.a(rtld-readdir64.os)
                0x0000000000019020                readdir
                0x0000000000019020                __readdir64
                0x0000000000019020                __readdir
                0x0000000000019020                readdir64
 *fill*         0x00000000000190ad        0x3 
 .text          0x00000000000190b0       0x9e /var/www/html/glibc-build/elf/rtld-libc.a(rtld-fdopendir.os)
                0x00000000000190b0                fdopendir
                0x00000000000190b0                __fdopendir
 *fill*         0x000000000001914e        0x2 
 .text          0x0000000000019150       0x28 /var/www/html/glibc-build/elf/rtld-libc.a(rtld-getdents64.os)
                0x0000000000019150                __getdents
                0x0000000000019150                __getdents64
 *fill*         0x0000000000019178        0x8 
 .text          0x0000000000019180       0x53 /var/www/html/glibc-build/elf/rtld-libc.a(rtld-dl-addr-obj.os)
                0x0000000000019180                _dl_addr_inside_object
 *fill*         0x00000000000191d3        0xd 
 .text          0x00000000000191e0      0x103 /var/www/html/glibc-build/elf/rtld-libc.a(rtld-profil.os)
                0x0000000000019230                __profil
                0x0000000000019230                profil
 *fill*         0x00000000000192e3        0xd 
 .text          0x00000000000192f0        0x7 /var/www/html/glibc-build/elf/rtld-libc.a(rtld-prof-freq.os)
                0x00000000000192f0                __profile_frequency
 *fill*         0x00000000000192f7        0x9 
 .text          0x0000000000019300       0x40 /var/www/html/glibc-build/elf/rtld-libc.a(rtld-xstat.os)
                0x0000000000019300                _xstat
                0x0000000000019300                __xstat64
                0x0000000000019300                __GI___xstat64
                0x0000000000019300                __GI___xstat
                0x0000000000019300                __xstat
 .text          0x0000000000019340       0x40 /var/www/html/glibc-build/elf/rtld-libc.a(rtld-fxstat.os)
                0x0000000000019340                __GI___fxstat
                0x0000000000019340                __GI___fxstat64
                0x0000000000019340                __fxstat64
                0x0000000000019340                _fxstat
                0x0000000000019340                __fxstat
 .text          0x0000000000019380       0x40 /var/www/html/glibc-build/elf/rtld-libc.a(rtld-lxstat.os)
                0x0000000000019380                __GI___lxstat
                0x0000000000019380                _lxstat
                0x0000000000019380                __lxstat
                0x0000000000019380                __lxstat64
                0x0000000000019380                __GI___lxstat64
 .text          0x00000000000193c0       0x28 /var/www/html/glibc-build/elf/rtld-libc.a(rtld-lseek64.os)
                0x00000000000193c0                __lseek64
                0x00000000000193c0                lseek
                0x00000000000193c0                __libc_lseek64
                0x00000000000193c0                __lseek
                0x00000000000193c0                __libc_lseek
                0x00000000000193c0                lseek64
 *fill*         0x00000000000193e8        0x8 
 .text          0x00000000000193f0       0x26 /var/www/html/glibc-build/elf/rtld-libc.a(rtld-access.os)
                0x00000000000193f0                access
                0x00000000000193f0                __access
 *fill*         0x0000000000019416        0xa 
 .text          0x0000000000019420       0x26 /var/www/html/glibc-build/elf/rtld-libc.a(rtld-close_nocancel.os)
                0x0000000000019420                __GI___close_nocancel
 *fill*         0x0000000000019446        0xa 
 .text          0x0000000000019450       0x8f /var/www/html/glibc-build/elf/rtld-libc.a(rtld-fcntl_nocancel.os)
                0x0000000000019450                __fcntl64_nocancel_adjusted
                0x00000000000194b0                __fcntl64_nocancel
                0x00000000000194b0                __GI___fcntl64_nocancel
 *fill*         0x00000000000194df        0x1 
 .text          0x00000000000194e0       0x76 /var/www/html/glibc-build/elf/rtld-libc.a(rtld-open64_nocancel.os)
                0x00000000000194e0                __GI___open_nocancel
                0x00000000000194e0                __open_nocancel
                0x00000000000194e0                __GI___open64_nocancel
                0x00000000000194e0                __open64_nocancel
 *fill*         0x0000000000019556        0xa 
 .text          0x0000000000019560       0x66 /var/www/html/glibc-build/elf/rtld-libc.a(rtld-openat64_nocancel.os)
                0x0000000000019560                __GI___openat64_nocancel
                0x0000000000019560                __openat64_nocancel
                0x0000000000019560                __GI___openat_nocancel
                0x0000000000019560                __openat_nocancel
 *fill*         0x00000000000195c6        0xa 
 .text          0x00000000000195d0       0x20 /var/www/html/glibc-build/elf/rtld-libc.a(rtld-read_nocancel.os)
                0x00000000000195d0                __read_nocancel
                0x00000000000195d0                __GI___read_nocancel
 .text          0x00000000000195f0       0x28 /var/www/html/glibc-build/elf/rtld-libc.a(rtld-write_nocancel.os)
                0x00000000000195f0                __GI___write_nocancel
                0x00000000000195f0                __write_nocancel
 *fill*         0x0000000000019618        0x8 
 .text          0x0000000000019620       0xb0 /var/www/html/glibc-build/elf/rtld-libc.a(rtld-scratch_buffer_set_array_size.os)
                0x0000000000019620                __libc_scratch_buffer_set_array_size
 .text          0x00000000000196d0       0xc1 /var/www/html/glibc-build/elf/rtld-libc.a(rtld-mmap64.os)
                0x00000000000196d0                __mmap
                0x00000000000196d0                mmap
                0x00000000000196d0                __mmap64
                0x00000000000196d0                mmap64
 *fill*         0x0000000000019791        0xf 
 .text          0x00000000000197a0       0x20 /var/www/html/glibc-build/elf/rtld-libc.a(rtld-munmap.os)
                0x00000000000197a0                munmap
                0x00000000000197a0                __GI___munmap
                0x00000000000197a0                __GI_munmap
                0x00000000000197a0                __munmap
 .text          0x00000000000197c0       0x20 /var/www/html/glibc-build/elf/rtld-libc.a(rtld-mprotect.os)
                0x00000000000197c0                __mprotect
                0x00000000000197c0                __GI___mprotect
                0x00000000000197c0                __GI_mprotect
                0x00000000000197c0                mprotect
 .text          0x00000000000197e0       0x20 /var/www/html/glibc-build/elf/rtld-libc.a(rtld-uname.os)
                0x00000000000197e0                uname
                0x00000000000197e0                __GI_uname
                0x00000000000197e0                __uname
                0x00000000000197e0                __GI___uname
 .text          0x0000000000019800       0x4a /var/www/html/glibc-build/elf/rtld-libc.a(rtld-_exit.os)
                0x0000000000019800                _Exit
                0x0000000000019800                __GI__exit
                0x0000000000019800                _exit
 *fill*         0x000000000001984a        0x6 
 .text          0x0000000000019850        0x8 /var/www/html/glibc-build/elf/rtld-libc.a(rtld-getpid.os)
                0x0000000000019850                __getpid
                0x0000000000019850                getpid
                0x0000000000019850                __GI_getpid
                0x0000000000019850                __GI___getpid
 .text          0x0000000000019858        0x0 /var/www/html/glibc-build/elf/rtld-libc.a(rtld-environ.os)
 *fill*         0x0000000000019858        0x8 
 .text          0x0000000000019860       0x4f /var/www/html/glibc-build/elf/rtld-libc.a(rtld-setjmp.os)
                0x0000000000019860                __sigsetjmp
                0x0000000000019860                __GI___sigsetjmp
 *fill*         0x00000000000198af        0x1 
 .text          0x00000000000198b0       0x4a /var/www/html/glibc-build/elf/rtld-libc.a(rtld-__longjmp.os)
                0x00000000000198b0                __longjmp
 *fill*         0x00000000000198fa        0x6 
 .text          0x0000000000019900      0x1e8 /var/www/html/glibc-build/elf/rtld-libc.a(rtld-sigaction.os)
                0x0000000000019920                __libc_sigaction
                0x0000000000019ac0                sigaction
                0x0000000000019ac0                __sigaction
 *fill*         0x0000000000019ae8        0x8 
 .text          0x0000000000019af0       0x41 /var/www/html/glibc-build/elf/rtld-libc.a(rtld-strdup.os)
                0x0000000000019af0                __strdup
                0x0000000000019af0                strdup
 *fill*         0x0000000000019b31        0xf 
 .text          0x0000000000019b40     0x1439 /var/www/html/glibc-build/elf/rtld-libc.a(rtld-strcmp-sse2.os)
                0x0000000000019b40                strcmp
 *fill*         0x000000000001af79        0x7 
 .text          0x000000000001af80     0x1849 /var/www/html/glibc-build/elf/rtld-libc.a(rtld-strncmp-sse2.os)
                0x000000000001af80                strncmp
 *fill*         0x000000000001c7c9        0x7 
 .text          0x000000000001c7d0      0x323 /var/www/html/glibc-build/elf/rtld-libc.a(rtld-memchr-sse2.os)
                0x000000000001c7d0                memchr
                0x000000000001c7d0                __memchr
 *fill*         0x000000000001caf3        0xd 
 .text          0x000000000001cb00      0x1f9 /var/www/html/glibc-build/elf/rtld-libc.a(rtld-rawmemchr-sse2.os)
                0x000000000001cb00                __rawmemchr
                0x000000000001cb00                rawmemchr
 *fill*         0x000000000001ccf9        0x7 
 .text          0x000000000001cd00      0x400 /var/www/html/glibc-build/elf/rtld-libc.a(rtld-memcmp-sse2.os)
                0x000000000001cd00                bcmp
                0x000000000001cd00                memcmp
 .text          0x000000000001d100      0x21a /var/www/html/glibc-build/elf/rtld-libc.a(rtld-strchr-sse2.os)
                0x000000000001d100                index
                0x000000000001d100                strchr
 *fill*         0x000000000001d31a        0x6 
 .text          0x000000000001d320      0x19c /var/www/html/glibc-build/elf/rtld-libc.a(rtld-strlen-sse2.os)
                0x000000000001d320                strlen
 *fill*         0x000000000001d4bc        0x4 
 .text          0x000000000001d4c0      0x218 /var/www/html/glibc-build/elf/rtld-libc.a(rtld-strnlen-sse2.os)
                0x000000000001d4c0                __strnlen
                0x000000000001d4c0                strnlen
 *fill*         0x000000000001d6d8        0x8 
 .text          0x000000000001d6e0       0xdc /var/www/html/glibc-build/elf/rtld-libc.a(rtld-stpcpy-sse2.os)
                0x000000000001d6e0                stpcpy
                0x000000000001d6e0                __stpcpy
 *fill*         0x000000000001d7bc        0x4 
 .text          0x000000000001d7c0       0x97 /var/www/html/glibc-build/elf/rtld-libc.a(rtld-strcspn-sse2.os)
                0x000000000001d7c0                strcspn
 *fill*         0x000000000001d857        0x9 
 .text          0x000000000001d860      0x1ed /var/www/html/glibc-build/elf/rtld-libc.a(rtld-memmove-sse2-unaligned-erms.os)
                0x000000000001d860                mempcpy
                0x000000000001d860                __mempcpy
                0x000000000001d870                memmove
                0x000000000001d870                memcpy
 *fill*         0x000000000001da4d        0x3 
 .text          0x000000000001da50       0xda /var/www/html/glibc-build/elf/rtld-libc.a(rtld-memset-sse2-unaligned-erms.os)
                0x000000000001da50                memset
 *fill*         0x000000000001db2a        0x6 
 .text          0x000000000001db30       0x20 /var/www/html/glibc-build/elf/rtld-libc.a(rtld-setitimer.os)
                0x000000000001db30                setitimer
                0x000000000001db30                __setitimer
                0x000000000001db30                __GI_setitimer
                0x000000000001db30                __GI___setitimer
 *(.gnu.warning)

.text.unlikely  0x0000000000000000      0x172
 .text.unlikely
                0x0000000000000000      0x172 /var/www/html/glibc-build/elf/dl-allobjs.os

.fini
 *(SORT_NONE(.fini))

.rodata         0x0000000000000000      0xf98
 *(.rodata)
 .rodata        0x0000000000000000      0xf18 /var/www/html/glibc-build/elf/dl-allobjs.os
                0x0000000000000e70                __GI__itoa_lower_digits
                0x0000000000000e70                _itoa_lower_digits
 .rodata        0x0000000000000f18       0x40 /var/www/html/glibc-build/elf/rtld-libc.a(rtld-strcmp-sse2.os)
 .rodata        0x0000000000000f58       0x40 /var/www/html/glibc-build/elf/rtld-libc.a(rtld-strncmp-sse2.os)

.rodata.str1.1  0x0000000000000000     0x1247
 .rodata.str1.1
                0x0000000000000000     0x1233 /var/www/html/glibc-build/elf/dl-allobjs.os
 .rodata.str1.1
                0x0000000000001233       0x14 /var/www/html/glibc-build/elf/rtld-libc.a(rtld-check_fds.os)

.rodata.str1.8  0x0000000000000000     0x2529
 .rodata.str1.8
                0x0000000000000000     0x2529 /var/www/html/glibc-build/elf/dl-allobjs.os

.rodata.str1.16
                0x0000000000000000      0x336
 .rodata.str1.16
                0x0000000000000000      0x336 /var/www/html/glibc-build/elf/dl-allobjs.os

.rodata.cst16   0x0000000000000000       0x20
 .rodata.cst16  0x0000000000000000       0x20 /var/www/html/glibc-build/elf/dl-allobjs.os

.rodata.cst4    0x0000000000000000        0x4
 .rodata.cst4   0x0000000000000000        0x4 /var/www/html/glibc-build/elf/dl-allobjs.os

.rodata.str1.32
                0x0000000000000000       0x3b
 .rodata.str1.32
                0x0000000000000000       0x3b /var/www/html/glibc-build/elf/dl-allobjs.os

.rodata1
 *(.rodata1)

.eh_frame_hdr
 *(.eh_frame_hdr)

.eh_frame       0x0000000000000000     0x2edc
 *(.eh_frame)
 .eh_frame      0x0000000000000000     0x2480 /var/www/html/glibc-build/elf/dl-allobjs.os
                                       0x24c4 (size before relaxing)
 *fill*         0x0000000000002480        0x0 
 .eh_frame      0x0000000000002480       0x68 /var/www/html/glibc-build/elf/rtld-libc.a(rtld-check_fds.os)
 .eh_frame      0x00000000000024e8       0x38 /var/www/html/glibc-build/elf/rtld-libc.a(rtld-closedir.os)
 .eh_frame      0x0000000000002520       0x38 /var/www/html/glibc-build/elf/rtld-libc.a(rtld-rewinddir.os)
 .eh_frame      0x0000000000002558       0x48 /var/www/html/glibc-build/elf/rtld-libc.a(rtld-readdir64.os)
 .eh_frame      0x00000000000025a0       0x50 /var/www/html/glibc-build/elf/rtld-libc.a(rtld-fdopendir.os)
 .eh_frame      0x00000000000025f0       0x30 /var/www/html/glibc-build/elf/rtld-libc.a(rtld-getdents64.os)
 .eh_frame      0x0000000000002620       0x30 /var/www/html/glibc-build/elf/rtld-libc.a(rtld-dl-addr-obj.os)
 .eh_frame      0x0000000000002650       0x48 /var/www/html/glibc-build/elf/rtld-libc.a(rtld-profil.os)
 .eh_frame      0x0000000000002698       0x30 /var/www/html/glibc-build/elf/rtld-libc.a(rtld-prof-freq.os)
 .eh_frame      0x00000000000026c8       0x30 /var/www/html/glibc-build/elf/rtld-libc.a(rtld-xstat.os)
 .eh_frame      0x00000000000026f8       0x30 /var/www/html/glibc-build/elf/rtld-libc.a(rtld-fxstat.os)
 .eh_frame      0x0000000000002728       0x30 /var/www/html/glibc-build/elf/rtld-libc.a(rtld-lxstat.os)
 .eh_frame      0x0000000000002758       0x30 /var/www/html/glibc-build/elf/rtld-libc.a(rtld-lseek64.os)
 .eh_frame      0x0000000000002788       0x30 /var/www/html/glibc-build/elf/rtld-libc.a(rtld-access.os)
 .eh_frame      0x00000000000027b8       0x30 /var/www/html/glibc-build/elf/rtld-libc.a(rtld-close_nocancel.os)
 .eh_frame      0x00000000000027e8       0x48 /var/www/html/glibc-build/elf/rtld-libc.a(rtld-fcntl_nocancel.os)
 .eh_frame      0x0000000000002830       0x30 /var/www/html/glibc-build/elf/rtld-libc.a(rtld-open64_nocancel.os)
 .eh_frame      0x0000000000002860       0x30 /var/www/html/glibc-build/elf/rtld-libc.a(rtld-openat64_nocancel.os)
 .eh_frame      0x0000000000002890       0x30 /var/www/html/glibc-build/elf/rtld-libc.a(rtld-read_nocancel.os)
 .eh_frame      0x00000000000028c0       0x30 /var/www/html/glibc-build/elf/rtld-libc.a(rtld-write_nocancel.os)
 .eh_frame      0x00000000000028f0       0x60 /var/www/html/glibc-build/elf/rtld-libc.a(rtld-scratch_buffer_set_array_size.os)
 .eh_frame      0x0000000000002950       0x70 /var/www/html/glibc-build/elf/rtld-libc.a(rtld-mmap64.os)
 .eh_frame      0x00000000000029c0       0x30 /var/www/html/glibc-build/elf/rtld-libc.a(rtld-munmap.os)
 .eh_frame      0x00000000000029f0       0x30 /var/www/html/glibc-build/elf/rtld-libc.a(rtld-mprotect.os)
 .eh_frame      0x0000000000002a20       0x30 /var/www/html/glibc-build/elf/rtld-libc.a(rtld-uname.os)
 .eh_frame      0x0000000000002a50       0x30 /var/www/html/glibc-build/elf/rtld-libc.a(rtld-_exit.os)
 .eh_frame      0x0000000000002a80       0x30 /var/www/html/glibc-build/elf/rtld-libc.a(rtld-getpid.os)
 .eh_frame      0x0000000000002ab0       0x30 /var/www/html/glibc-build/elf/rtld-libc.a(rtld-setjmp.os)
 .eh_frame      0x0000000000002ae0       0x48 /var/www/html/glibc-build/elf/rtld-libc.a(rtld-__longjmp.os)
 .eh_frame      0x0000000000002b28       0xe0 /var/www/html/glibc-build/elf/rtld-libc.a(rtld-sigaction.os)
                                         0xe8 (size before relaxing)
 .eh_frame      0x0000000000002c08       0x50 /var/www/html/glibc-build/elf/rtld-libc.a(rtld-strdup.os)
 .eh_frame      0x0000000000002c58       0x30 /var/www/html/glibc-build/elf/rtld-libc.a(rtld-strcmp-sse2.os)
 .eh_frame      0x0000000000002c88       0x30 /var/www/html/glibc-build/elf/rtld-libc.a(rtld-strncmp-sse2.os)
 .eh_frame      0x0000000000002cb8       0x30 /var/www/html/glibc-build/elf/rtld-libc.a(rtld-memchr-sse2.os)
 .eh_frame      0x0000000000002ce8       0x30 /var/www/html/glibc-build/elf/rtld-libc.a(rtld-rawmemchr-sse2.os)
 .eh_frame      0x0000000000002d18       0x30 /var/www/html/glibc-build/elf/rtld-libc.a(rtld-memcmp-sse2.os)
 .eh_frame      0x0000000000002d48       0x30 /var/www/html/glibc-build/elf/rtld-libc.a(rtld-strchr-sse2.os)
 .eh_frame      0x0000000000002d78       0x30 /var/www/html/glibc-build/elf/rtld-libc.a(rtld-strlen-sse2.os)
 .eh_frame      0x0000000000002da8       0x30 /var/www/html/glibc-build/elf/rtld-libc.a(rtld-strnlen-sse2.os)
 .eh_frame      0x0000000000002dd8       0x30 /var/www/html/glibc-build/elf/rtld-libc.a(rtld-stpcpy-sse2.os)
 .eh_frame      0x0000000000002e08       0x38 /var/www/html/glibc-build/elf/rtld-libc.a(rtld-strcspn-sse2.os)
 .eh_frame      0x0000000000002e40       0x40 /var/www/html/glibc-build/elf/rtld-libc.a(rtld-memmove-sse2-unaligned-erms.os)
 .eh_frame      0x0000000000002e80       0x30 /var/www/html/glibc-build/elf/rtld-libc.a(rtld-memset-sse2-unaligned-erms.os)
 .eh_frame      0x0000000000002eb0       0x2c /var/www/html/glibc-build/elf/rtld-libc.a(rtld-setitimer.os)
                                         0x30 (size before relaxing)

.gcc_except_table
 *(.gcc_except_table .gcc_except_table.*)

.gnu_extab
 *(.gnu_extab*)

.exception_ranges
 *(.exception_ranges .exception_ranges*)

.eh_frame
 *(.eh_frame)

.gnu_extab
 *(.gnu_extab)

.gcc_except_table
 *(.gcc_except_table .gcc_except_table.*)

.exception_ranges
 *(.exception_ranges .exception_ranges*)

.tdata
 *(.tdata)

.tbss
 *(.tbss)

.jcr
 *(.jcr)

.dynamic
 *(.dynamic)

.got
 *(.got)
 *(.igot)

.got.plt
 *(.got.plt)
 *(.igot.plt)

.data           0x0000000000000000      0xf98
 *(.data)
 .data          0x0000000000000000      0xf98 /var/www/html/glibc-build/elf/dl-allobjs.os
                0x0000000000000000                _rtld_global
                0x0000000000000000                _rtld_local
 .data          0x0000000000000f98        0x0 /var/www/html/glibc-build/elf/rtld-libc.a(rtld-check_fds.os)
 .data          0x0000000000000f98        0x0 /var/www/html/glibc-build/elf/rtld-libc.a(rtld-errno.os)
 .data          0x0000000000000f98        0x0 /var/www/html/glibc-build/elf/rtld-libc.a(rtld-closedir.os)
 .data          0x0000000000000f98        0x0 /var/www/html/glibc-build/elf/rtld-libc.a(rtld-rewinddir.os)
 .data          0x0000000000000f98        0x0 /var/www/html/glibc-build/elf/rtld-libc.a(rtld-readdir64.os)
 .data          0x0000000000000f98        0x0 /var/www/html/glibc-build/elf/rtld-libc.a(rtld-fdopendir.os)
 .data          0x0000000000000f98        0x0 /var/www/html/glibc-build/elf/rtld-libc.a(rtld-getdents64.os)
 .data          0x0000000000000f98        0x0 /var/www/html/glibc-build/elf/rtld-libc.a(rtld-dl-addr-obj.os)
 .data          0x0000000000000f98        0x0 /var/www/html/glibc-build/elf/rtld-libc.a(rtld-profil.os)
 .data          0x0000000000000f98        0x0 /var/www/html/glibc-build/elf/rtld-libc.a(rtld-prof-freq.os)
 .data          0x0000000000000f98        0x0 /var/www/html/glibc-build/elf/rtld-libc.a(rtld-xstat.os)
 .data          0x0000000000000f98        0x0 /var/www/html/glibc-build/elf/rtld-libc.a(rtld-fxstat.os)
 .data          0x0000000000000f98        0x0 /var/www/html/glibc-build/elf/rtld-libc.a(rtld-lxstat.os)
 .data          0x0000000000000f98        0x0 /var/www/html/glibc-build/elf/rtld-libc.a(rtld-lseek64.os)
 .data          0x0000000000000f98        0x0 /var/www/html/glibc-build/elf/rtld-libc.a(rtld-access.os)
 .data          0x0000000000000f98        0x0 /var/www/html/glibc-build/elf/rtld-libc.a(rtld-close_nocancel.os)
 .data          0x0000000000000f98        0x0 /var/www/html/glibc-build/elf/rtld-libc.a(rtld-fcntl_nocancel.os)
 .data          0x0000000000000f98        0x0 /var/www/html/glibc-build/elf/rtld-libc.a(rtld-open64_nocancel.os)
 .data          0x0000000000000f98        0x0 /var/www/html/glibc-build/elf/rtld-libc.a(rtld-openat64_nocancel.os)
 .data          0x0000000000000f98        0x0 /var/www/html/glibc-build/elf/rtld-libc.a(rtld-read_nocancel.os)
 .data          0x0000000000000f98        0x0 /var/www/html/glibc-build/elf/rtld-libc.a(rtld-write_nocancel.os)
 .data          0x0000000000000f98        0x0 /var/www/html/glibc-build/elf/rtld-libc.a(rtld-scratch_buffer_set_array_size.os)
 .data          0x0000000000000f98        0x0 /var/www/html/glibc-build/elf/rtld-libc.a(rtld-mmap64.os)
 .data          0x0000000000000f98        0x0 /var/www/html/glibc-build/elf/rtld-libc.a(rtld-munmap.os)
 .data          0x0000000000000f98        0x0 /var/www/html/glibc-build/elf/rtld-libc.a(rtld-mprotect.os)
 .data          0x0000000000000f98        0x0 /var/www/html/glibc-build/elf/rtld-libc.a(rtld-uname.os)
 .data          0x0000000000000f98        0x0 /var/www/html/glibc-build/elf/rtld-libc.a(rtld-_exit.os)
 .data          0x0000000000000f98        0x0 /var/www/html/glibc-build/elf/rtld-libc.a(rtld-getpid.os)
 .data          0x0000000000000f98        0x0 /var/www/html/glibc-build/elf/rtld-libc.a(rtld-environ.os)
 .data          0x0000000000000f98        0x0 /var/www/html/glibc-build/elf/rtld-libc.a(rtld-setjmp.os)
 .data          0x0000000000000f98        0x0 /var/www/html/glibc-build/elf/rtld-libc.a(rtld-__longjmp.os)
 .data          0x0000000000000f98        0x0 /var/www/html/glibc-build/elf/rtld-libc.a(rtld-sigaction.os)
 .data          0x0000000000000f98        0x0 /var/www/html/glibc-build/elf/rtld-libc.a(rtld-strdup.os)
 .data          0x0000000000000f98        0x0 /var/www/html/glibc-build/elf/rtld-libc.a(rtld-strcmp-sse2.os)
 .data          0x0000000000000f98        0x0 /var/www/html/glibc-build/elf/rtld-libc.a(rtld-strncmp-sse2.os)
 .data          0x0000000000000f98        0x0 /var/www/html/glibc-build/elf/rtld-libc.a(rtld-memchr-sse2.os)
 .data          0x0000000000000f98        0x0 /var/www/html/glibc-build/elf/rtld-libc.a(rtld-rawmemchr-sse2.os)
 .data          0x0000000000000f98        0x0 /var/www/html/glibc-build/elf/rtld-libc.a(rtld-memcmp-sse2.os)
 .data          0x0000000000000f98        0x0 /var/www/html/glibc-build/elf/rtld-libc.a(rtld-strchr-sse2.os)
 .data          0x0000000000000f98        0x0 /var/www/html/glibc-build/elf/rtld-libc.a(rtld-strlen-sse2.os)
 .data          0x0000000000000f98        0x0 /var/www/html/glibc-build/elf/rtld-libc.a(rtld-strnlen-sse2.os)
 .data          0x0000000000000f98        0x0 /var/www/html/glibc-build/elf/rtld-libc.a(rtld-stpcpy-sse2.os)
 .data          0x0000000000000f98        0x0 /var/www/html/glibc-build/elf/rtld-libc.a(rtld-strcspn-sse2.os)
 .data          0x0000000000000f98        0x0 /var/www/html/glibc-build/elf/rtld-libc.a(rtld-memmove-sse2-unaligned-erms.os)
 .data          0x0000000000000f98        0x0 /var/www/html/glibc-build/elf/rtld-libc.a(rtld-memset-sse2-unaligned-erms.os)
 .data          0x0000000000000f98        0x0 /var/www/html/glibc-build/elf/rtld-libc.a(rtld-setitimer.os)

.data.rel.ro    0x0000000000000000      0x8ac
 .data.rel.ro   0x0000000000000000      0x8ac /var/www/html/glibc-build/elf/dl-allobjs.os
                0x00000000000000b0                __pointer_chk_guard_local
                0x00000000000000b8                _dl_skip_args
                0x00000000000000c0                __GI__dl_argv
                0x00000000000000c0                _dl_argv
                0x00000000000000c8                _dl_argc
                0x00000000000000e0                _rtld_global_ro
                0x00000000000000e0                _rtld_local_ro
                0x0000000000000310                __stack_prot
                0x0000000000000898                _dl_random
                0x00000000000008a0                __libc_stack_end
                0x00000000000008a0                __GI___libc_stack_end
                0x00000000000008a8                __GI___libc_enable_secure
                0x00000000000008a8                __libc_enable_secure

.data1
 *(.data1)

.bss            0x0000000000000000      0x140
 *(.bss)
 .bss           0x0000000000000000      0x118 /var/www/html/glibc-build/elf/dl-allobjs.os
                0x00000000000000e0                __libc_multiple_libcs
                0x0000000000000110                __curbrk
 .bss           0x0000000000000118        0x0 /var/www/html/glibc-build/elf/rtld-libc.a(rtld-check_fds.os)
 .bss           0x0000000000000118        0x0 /var/www/html/glibc-build/elf/rtld-libc.a(rtld-errno.os)
 .bss           0x0000000000000118        0x0 /var/www/html/glibc-build/elf/rtld-libc.a(rtld-closedir.os)
 .bss           0x0000000000000118        0x0 /var/www/html/glibc-build/elf/rtld-libc.a(rtld-rewinddir.os)
 .bss           0x0000000000000118        0x0 /var/www/html/glibc-build/elf/rtld-libc.a(rtld-readdir64.os)
 .bss           0x0000000000000118        0x0 /var/www/html/glibc-build/elf/rtld-libc.a(rtld-fdopendir.os)
 .bss           0x0000000000000118        0x0 /var/www/html/glibc-build/elf/rtld-libc.a(rtld-getdents64.os)
 .bss           0x0000000000000118        0x0 /var/www/html/glibc-build/elf/rtld-libc.a(rtld-dl-addr-obj.os)
 .bss           0x0000000000000118       0x20 /var/www/html/glibc-build/elf/rtld-libc.a(rtld-profil.os)
 .bss           0x0000000000000138        0x0 /var/www/html/glibc-build/elf/rtld-libc.a(rtld-prof-freq.os)
 .bss           0x0000000000000138        0x0 /var/www/html/glibc-build/elf/rtld-libc.a(rtld-xstat.os)
 .bss           0x0000000000000138        0x0 /var/www/html/glibc-build/elf/rtld-libc.a(rtld-fxstat.os)
 .bss           0x0000000000000138        0x0 /var/www/html/glibc-build/elf/rtld-libc.a(rtld-lxstat.os)
 .bss           0x0000000000000138        0x0 /var/www/html/glibc-build/elf/rtld-libc.a(rtld-lseek64.os)
 .bss           0x0000000000000138        0x0 /var/www/html/glibc-build/elf/rtld-libc.a(rtld-access.os)
 .bss           0x0000000000000138        0x0 /var/www/html/glibc-build/elf/rtld-libc.a(rtld-close_nocancel.os)
 .bss           0x0000000000000138        0x0 /var/www/html/glibc-build/elf/rtld-libc.a(rtld-fcntl_nocancel.os)
 .bss           0x0000000000000138        0x0 /var/www/html/glibc-build/elf/rtld-libc.a(rtld-open64_nocancel.os)
 .bss           0x0000000000000138        0x0 /var/www/html/glibc-build/elf/rtld-libc.a(rtld-openat64_nocancel.os)
 .bss           0x0000000000000138        0x0 /var/www/html/glibc-build/elf/rtld-libc.a(rtld-read_nocancel.os)
 .bss           0x0000000000000138        0x0 /var/www/html/glibc-build/elf/rtld-libc.a(rtld-write_nocancel.os)
 .bss           0x0000000000000138        0x0 /var/www/html/glibc-build/elf/rtld-libc.a(rtld-scratch_buffer_set_array_size.os)
 .bss           0x0000000000000138        0x0 /var/www/html/glibc-build/elf/rtld-libc.a(rtld-mmap64.os)
 .bss           0x0000000000000138        0x0 /var/www/html/glibc-build/elf/rtld-libc.a(rtld-munmap.os)
 .bss           0x0000000000000138        0x0 /var/www/html/glibc-build/elf/rtld-libc.a(rtld-mprotect.os)
 .bss           0x0000000000000138        0x0 /var/www/html/glibc-build/elf/rtld-libc.a(rtld-uname.os)
 .bss           0x0000000000000138        0x0 /var/www/html/glibc-build/elf/rtld-libc.a(rtld-_exit.os)
 .bss           0x0000000000000138        0x0 /var/www/html/glibc-build/elf/rtld-libc.a(rtld-getpid.os)
 .bss           0x0000000000000138        0x8 /var/www/html/glibc-build/elf/rtld-libc.a(rtld-environ.os)
                0x0000000000000138                _environ
                0x0000000000000138                __environ
                0x0000000000000138                environ
 .bss           0x0000000000000140        0x0 /var/www/html/glibc-build/elf/rtld-libc.a(rtld-setjmp.os)
 .bss           0x0000000000000140        0x0 /var/www/html/glibc-build/elf/rtld-libc.a(rtld-__longjmp.os)
 .bss           0x0000000000000140        0x0 /var/www/html/glibc-build/elf/rtld-libc.a(rtld-sigaction.os)
 .bss           0x0000000000000140        0x0 /var/www/html/glibc-build/elf/rtld-libc.a(rtld-strdup.os)
 .bss           0x0000000000000140        0x0 /var/www/html/glibc-build/elf/rtld-libc.a(rtld-strcmp-sse2.os)
 .bss           0x0000000000000140        0x0 /var/www/html/glibc-build/elf/rtld-libc.a(rtld-strncmp-sse2.os)
 .bss           0x0000000000000140        0x0 /var/www/html/glibc-build/elf/rtld-libc.a(rtld-memchr-sse2.os)
 .bss           0x0000000000000140        0x0 /var/www/html/glibc-build/elf/rtld-libc.a(rtld-rawmemchr-sse2.os)
 .bss           0x0000000000000140        0x0 /var/www/html/glibc-build/elf/rtld-libc.a(rtld-memcmp-sse2.os)
 .bss           0x0000000000000140        0x0 /var/www/html/glibc-build/elf/rtld-libc.a(rtld-strchr-sse2.os)
 .bss           0x0000000000000140        0x0 /var/www/html/glibc-build/elf/rtld-libc.a(rtld-strlen-sse2.os)
 .bss           0x0000000000000140        0x0 /var/www/html/glibc-build/elf/rtld-libc.a(rtld-strnlen-sse2.os)
 .bss           0x0000000000000140        0x0 /var/www/html/glibc-build/elf/rtld-libc.a(rtld-stpcpy-sse2.os)
 .bss           0x0000000000000140        0x0 /var/www/html/glibc-build/elf/rtld-libc.a(rtld-strcspn-sse2.os)
 .bss           0x0000000000000140        0x0 /var/www/html/glibc-build/elf/rtld-libc.a(rtld-memmove-sse2-unaligned-erms.os)
 .bss           0x0000000000000140        0x0 /var/www/html/glibc-build/elf/rtld-libc.a(rtld-memset-sse2-unaligned-erms.os)
 .bss           0x0000000000000140        0x0 /var/www/html/glibc-build/elf/rtld-libc.a(rtld-setitimer.os)
 *(COMMON)
 COMMON         0x0000000000000140        0x0 /var/www/html/glibc-build/elf/dl-allobjs.os
 COMMON         0x0000000000000140        0x0 /var/www/html/glibc-build/elf/rtld-libc.a(rtld-errno.os)

.lbss
 *(.dynlbss)
 *(.lbss)
 *(LARGE_COMMON)

.lrodata
 *(.lrodata)

.ldata
 *(.ldata)

.stab
 *(.stab)

.stabstr
 *(.stabstr)

.stab.excl
 *(.stab.excl)

.stab.exclstr
 *(.stab.exclstr)

.stab.index
 *(.stab.index)

.stab.indexstr
 *(.stab.indexstr)

.comment        0x0000000000000000      0xa80
 *(.comment)
 .comment       0x0000000000000000      0x612 /var/www/html/glibc-build/elf/dl-allobjs.os
 .comment       0x0000000000000612       0x2a /var/www/html/glibc-build/elf/rtld-libc.a(rtld-check_fds.os)
 .comment       0x000000000000063c       0x2a /var/www/html/glibc-build/elf/rtld-libc.a(rtld-errno.os)
 .comment       0x0000000000000666       0x2a /var/www/html/glibc-build/elf/rtld-libc.a(rtld-closedir.os)
 .comment       0x0000000000000690       0x2a /var/www/html/glibc-build/elf/rtld-libc.a(rtld-rewinddir.os)
 .comment       0x00000000000006ba       0x2a /var/www/html/glibc-build/elf/rtld-libc.a(rtld-readdir64.os)
 .comment       0x00000000000006e4       0x2a /var/www/html/glibc-build/elf/rtld-libc.a(rtld-fdopendir.os)
 .comment       0x000000000000070e       0x2a /var/www/html/glibc-build/elf/rtld-libc.a(rtld-getdents64.os)
 .comment       0x0000000000000738       0x2a /var/www/html/glibc-build/elf/rtld-libc.a(rtld-dl-addr-obj.os)
 .comment       0x0000000000000762       0x2a /var/www/html/glibc-build/elf/rtld-libc.a(rtld-profil.os)
 .comment       0x000000000000078c       0x2a /var/www/html/glibc-build/elf/rtld-libc.a(rtld-prof-freq.os)
 .comment       0x00000000000007b6       0x2a /var/www/html/glibc-build/elf/rtld-libc.a(rtld-xstat.os)
 .comment       0x00000000000007e0       0x2a /var/www/html/glibc-build/elf/rtld-libc.a(rtld-fxstat.os)
 .comment       0x000000000000080a       0x2a /var/www/html/glibc-build/elf/rtld-libc.a(rtld-lxstat.os)
 .comment       0x0000000000000834       0x2a /var/www/html/glibc-build/elf/rtld-libc.a(rtld-lseek64.os)
 .comment       0x000000000000085e       0x2a /var/www/html/glibc-build/elf/rtld-libc.a(rtld-access.os)
 .comment       0x0000000000000888       0x2a /var/www/html/glibc-build/elf/rtld-libc.a(rtld-close_nocancel.os)
 .comment       0x00000000000008b2       0x2a /var/www/html/glibc-build/elf/rtld-libc.a(rtld-fcntl_nocancel.os)
 .comment       0x00000000000008dc       0x2a /var/www/html/glibc-build/elf/rtld-libc.a(rtld-open64_nocancel.os)
 .comment       0x0000000000000906       0x2a /var/www/html/glibc-build/elf/rtld-libc.a(rtld-openat64_nocancel.os)
 .comment       0x0000000000000930       0x2a /var/www/html/glibc-build/elf/rtld-libc.a(rtld-read_nocancel.os)
 .comment       0x000000000000095a       0x2a /var/www/html/glibc-build/elf/rtld-libc.a(rtld-write_nocancel.os)
 .comment       0x0000000000000984       0x2a /var/www/html/glibc-build/elf/rtld-libc.a(rtld-scratch_buffer_set_array_size.os)
 .comment       0x00000000000009ae       0x2a /var/www/html/glibc-build/elf/rtld-libc.a(rtld-mmap64.os)
 .comment       0x00000000000009d8       0x2a /var/www/html/glibc-build/elf/rtld-libc.a(rtld-_exit.os)
 .comment       0x0000000000000a02       0x2a /var/www/html/glibc-build/elf/rtld-libc.a(rtld-environ.os)
 .comment       0x0000000000000a2c       0x2a /var/www/html/glibc-build/elf/rtld-libc.a(rtld-sigaction.os)
 .comment       0x0000000000000a56       0x2a /var/www/html/glibc-build/elf/rtld-libc.a(rtld-strdup.os)

.note.GNU-stack
                0x0000000000000000        0x0
 .note.GNU-stack
                0x0000000000000000        0x0 /var/www/html/glibc-build/elf/dl-allobjs.os
 .note.GNU-stack
                0x0000000000000000        0x0 /var/www/html/glibc-build/elf/rtld-libc.a(rtld-check_fds.os)
 .note.GNU-stack
                0x0000000000000000        0x0 /var/www/html/glibc-build/elf/rtld-libc.a(rtld-errno.os)
 .note.GNU-stack
                0x0000000000000000        0x0 /var/www/html/glibc-build/elf/rtld-libc.a(rtld-closedir.os)
 .note.GNU-stack
                0x0000000000000000        0x0 /var/www/html/glibc-build/elf/rtld-libc.a(rtld-rewinddir.os)
 .note.GNU-stack
                0x0000000000000000        0x0 /var/www/html/glibc-build/elf/rtld-libc.a(rtld-readdir64.os)
 .note.GNU-stack
                0x0000000000000000        0x0 /var/www/html/glibc-build/elf/rtld-libc.a(rtld-fdopendir.os)
 .note.GNU-stack
                0x0000000000000000        0x0 /var/www/html/glibc-build/elf/rtld-libc.a(rtld-getdents64.os)
 .note.GNU-stack
                0x0000000000000000        0x0 /var/www/html/glibc-build/elf/rtld-libc.a(rtld-dl-addr-obj.os)
 .note.GNU-stack
                0x0000000000000000        0x0 /var/www/html/glibc-build/elf/rtld-libc.a(rtld-profil.os)
 .note.GNU-stack
                0x0000000000000000        0x0 /var/www/html/glibc-build/elf/rtld-libc.a(rtld-prof-freq.os)
 .note.GNU-stack
                0x0000000000000000        0x0 /var/www/html/glibc-build/elf/rtld-libc.a(rtld-xstat.os)
 .note.GNU-stack
                0x0000000000000000        0x0 /var/www/html/glibc-build/elf/rtld-libc.a(rtld-fxstat.os)
 .note.GNU-stack
                0x0000000000000000        0x0 /var/www/html/glibc-build/elf/rtld-libc.a(rtld-lxstat.os)
 .note.GNU-stack
                0x0000000000000000        0x0 /var/www/html/glibc-build/elf/rtld-libc.a(rtld-lseek64.os)
 .note.GNU-stack
                0x0000000000000000        0x0 /var/www/html/glibc-build/elf/rtld-libc.a(rtld-access.os)
 .note.GNU-stack
                0x0000000000000000        0x0 /var/www/html/glibc-build/elf/rtld-libc.a(rtld-close_nocancel.os)
 .note.GNU-stack
                0x0000000000000000        0x0 /var/www/html/glibc-build/elf/rtld-libc.a(rtld-fcntl_nocancel.os)
 .note.GNU-stack
                0x0000000000000000        0x0 /var/www/html/glibc-build/elf/rtld-libc.a(rtld-open64_nocancel.os)
 .note.GNU-stack
                0x0000000000000000        0x0 /var/www/html/glibc-build/elf/rtld-libc.a(rtld-openat64_nocancel.os)
 .note.GNU-stack
                0x0000000000000000        0x0 /var/www/html/glibc-build/elf/rtld-libc.a(rtld-read_nocancel.os)
 .note.GNU-stack
                0x0000000000000000        0x0 /var/www/html/glibc-build/elf/rtld-libc.a(rtld-write_nocancel.os)
 .note.GNU-stack
                0x0000000000000000        0x0 /var/www/html/glibc-build/elf/rtld-libc.a(rtld-scratch_buffer_set_array_size.os)
 .note.GNU-stack
                0x0000000000000000        0x0 /var/www/html/glibc-build/elf/rtld-libc.a(rtld-mmap64.os)
 .note.GNU-stack
                0x0000000000000000        0x0 /var/www/html/glibc-build/elf/rtld-libc.a(rtld-munmap.os)
 .note.GNU-stack
                0x0000000000000000        0x0 /var/www/html/glibc-build/elf/rtld-libc.a(rtld-mprotect.os)
 .note.GNU-stack
                0x0000000000000000        0x0 /var/www/html/glibc-build/elf/rtld-libc.a(rtld-uname.os)
 .note.GNU-stack
                0x0000000000000000        0x0 /var/www/html/glibc-build/elf/rtld-libc.a(rtld-_exit.os)
 .note.GNU-stack
                0x0000000000000000        0x0 /var/www/html/glibc-build/elf/rtld-libc.a(rtld-getpid.os)
 .note.GNU-stack
                0x0000000000000000        0x0 /var/www/html/glibc-build/elf/rtld-libc.a(rtld-environ.os)
 .note.GNU-stack
                0x0000000000000000        0x0 /var/www/html/glibc-build/elf/rtld-libc.a(rtld-setjmp.os)
 .note.GNU-stack
                0x0000000000000000        0x0 /var/www/html/glibc-build/elf/rtld-libc.a(rtld-__longjmp.os)
 .note.GNU-stack
                0x0000000000000000        0x0 /var/www/html/glibc-build/elf/rtld-libc.a(rtld-sigaction.os)
 .note.GNU-stack
                0x0000000000000000        0x0 /var/www/html/glibc-build/elf/rtld-libc.a(rtld-strdup.os)
 .note.GNU-stack
                0x0000000000000000        0x0 /var/www/html/glibc-build/elf/rtld-libc.a(rtld-strcmp-sse2.os)
 .note.GNU-stack
                0x0000000000000000        0x0 /var/www/html/glibc-build/elf/rtld-libc.a(rtld-strncmp-sse2.os)
 .note.GNU-stack
                0x0000000000000000        0x0 /var/www/html/glibc-build/elf/rtld-libc.a(rtld-memchr-sse2.os)
 .note.GNU-stack
                0x0000000000000000        0x0 /var/www/html/glibc-build/elf/rtld-libc.a(rtld-rawmemchr-sse2.os)
 .note.GNU-stack
                0x0000000000000000        0x0 /var/www/html/glibc-build/elf/rtld-libc.a(rtld-memcmp-sse2.os)
 .note.GNU-stack
                0x0000000000000000        0x0 /var/www/html/glibc-build/elf/rtld-libc.a(rtld-strchr-sse2.os)
 .note.GNU-stack
                0x0000000000000000        0x0 /var/www/html/glibc-build/elf/rtld-libc.a(rtld-strlen-sse2.os)
 .note.GNU-stack
                0x0000000000000000        0x0 /var/www/html/glibc-build/elf/rtld-libc.a(rtld-strnlen-sse2.os)
 .note.GNU-stack
                0x0000000000000000        0x0 /var/www/html/glibc-build/elf/rtld-libc.a(rtld-stpcpy-sse2.os)
 .note.GNU-stack
                0x0000000000000000        0x0 /var/www/html/glibc-build/elf/rtld-libc.a(rtld-strcspn-sse2.os)
 .note.GNU-stack
                0x0000000000000000        0x0 /var/www/html/glibc-build/elf/rtld-libc.a(rtld-memmove-sse2-unaligned-erms.os)
 .note.GNU-stack
                0x0000000000000000        0x0 /var/www/html/glibc-build/elf/rtld-libc.a(rtld-memset-sse2-unaligned-erms.os)
 .note.GNU-stack
                0x0000000000000000        0x0 /var/www/html/glibc-build/elf/rtld-libc.a(rtld-setitimer.os)

.debug
 *(.debug)

.line
 *(.line)

.debug_srcinfo
 *(.debug_srcinfo)

.debug_sfnames
 *(.debug_sfnames)

.debug_aranges  0x0000000000000000     0x1020
 *(.debug_aranges)
 .debug_aranges
                0x0000000000000000      0x7a0 /var/www/html/glibc-build/elf/dl-allobjs.os
 .debug_aranges
                0x00000000000007a0       0x30 /var/www/html/glibc-build/elf/rtld-libc.a(rtld-check_fds.os)
 .debug_aranges
                0x00000000000007d0       0x20 /var/www/html/glibc-build/elf/rtld-libc.a(rtld-errno.os)
 .debug_aranges
                0x00000000000007f0       0x30 /var/www/html/glibc-build/elf/rtld-libc.a(rtld-closedir.os)
 .debug_aranges
                0x0000000000000820       0x30 /var/www/html/glibc-build/elf/rtld-libc.a(rtld-rewinddir.os)
 .debug_aranges
                0x0000000000000850       0x30 /var/www/html/glibc-build/elf/rtld-libc.a(rtld-readdir64.os)
 .debug_aranges
                0x0000000000000880       0x30 /var/www/html/glibc-build/elf/rtld-libc.a(rtld-fdopendir.os)
 .debug_aranges
                0x00000000000008b0       0x30 /var/www/html/glibc-build/elf/rtld-libc.a(rtld-getdents64.os)
 .debug_aranges
                0x00000000000008e0       0x30 /var/www/html/glibc-build/elf/rtld-libc.a(rtld-dl-addr-obj.os)
 .debug_aranges
                0x0000000000000910       0x30 /var/www/html/glibc-build/elf/rtld-libc.a(rtld-profil.os)
 .debug_aranges
                0x0000000000000940       0x30 /var/www/html/glibc-build/elf/rtld-libc.a(rtld-prof-freq.os)
 .debug_aranges
                0x0000000000000970       0x30 /var/www/html/glibc-build/elf/rtld-libc.a(rtld-xstat.os)
 .debug_aranges
                0x00000000000009a0       0x30 /var/www/html/glibc-build/elf/rtld-libc.a(rtld-fxstat.os)
 .debug_aranges
                0x00000000000009d0       0x30 /var/www/html/glibc-build/elf/rtld-libc.a(rtld-lxstat.os)
 .debug_aranges
                0x0000000000000a00       0x30 /var/www/html/glibc-build/elf/rtld-libc.a(rtld-lseek64.os)
 .debug_aranges
                0x0000000000000a30       0x30 /var/www/html/glibc-build/elf/rtld-libc.a(rtld-access.os)
 .debug_aranges
                0x0000000000000a60       0x30 /var/www/html/glibc-build/elf/rtld-libc.a(rtld-close_nocancel.os)
 .debug_aranges
                0x0000000000000a90       0x30 /var/www/html/glibc-build/elf/rtld-libc.a(rtld-fcntl_nocancel.os)
 .debug_aranges
                0x0000000000000ac0       0x30 /var/www/html/glibc-build/elf/rtld-libc.a(rtld-open64_nocancel.os)
 .debug_aranges
                0x0000000000000af0       0x30 /var/www/html/glibc-build/elf/rtld-libc.a(rtld-openat64_nocancel.os)
 .debug_aranges
                0x0000000000000b20       0x30 /var/www/html/glibc-build/elf/rtld-libc.a(rtld-read_nocancel.os)
 .debug_aranges
                0x0000000000000b50       0x30 /var/www/html/glibc-build/elf/rtld-libc.a(rtld-write_nocancel.os)
 .debug_aranges
                0x0000000000000b80       0x30 /var/www/html/glibc-build/elf/rtld-libc.a(rtld-scratch_buffer_set_array_size.os)
 .debug_aranges
                0x0000000000000bb0       0x30 /var/www/html/glibc-build/elf/rtld-libc.a(rtld-mmap64.os)
 .debug_aranges
                0x0000000000000be0       0x30 /var/www/html/glibc-build/elf/rtld-libc.a(rtld-munmap.os)
 .debug_aranges
                0x0000000000000c10       0x30 /var/www/html/glibc-build/elf/rtld-libc.a(rtld-mprotect.os)
 .debug_aranges
                0x0000000000000c40       0x30 /var/www/html/glibc-build/elf/rtld-libc.a(rtld-uname.os)
 .debug_aranges
                0x0000000000000c70       0x30 /var/www/html/glibc-build/elf/rtld-libc.a(rtld-_exit.os)
 .debug_aranges
                0x0000000000000ca0       0x30 /var/www/html/glibc-build/elf/rtld-libc.a(rtld-getpid.os)
 .debug_aranges
                0x0000000000000cd0       0x20 /var/www/html/glibc-build/elf/rtld-libc.a(rtld-environ.os)
 .debug_aranges
                0x0000000000000cf0       0x30 /var/www/html/glibc-build/elf/rtld-libc.a(rtld-setjmp.os)
 .debug_aranges
                0x0000000000000d20       0x30 /var/www/html/glibc-build/elf/rtld-libc.a(rtld-__longjmp.os)
 .debug_aranges
                0x0000000000000d50       0x30 /var/www/html/glibc-build/elf/rtld-libc.a(rtld-sigaction.os)
 .debug_aranges
                0x0000000000000d80       0x30 /var/www/html/glibc-build/elf/rtld-libc.a(rtld-strdup.os)
 .debug_aranges
                0x0000000000000db0       0x30 /var/www/html/glibc-build/elf/rtld-libc.a(rtld-strcmp-sse2.os)
 .debug_aranges
                0x0000000000000de0       0x30 /var/www/html/glibc-build/elf/rtld-libc.a(rtld-strncmp-sse2.os)
 .debug_aranges
                0x0000000000000e10       0x30 /var/www/html/glibc-build/elf/rtld-libc.a(rtld-memchr-sse2.os)
 .debug_aranges
                0x0000000000000e40       0x30 /var/www/html/glibc-build/elf/rtld-libc.a(rtld-rawmemchr-sse2.os)
 .debug_aranges
                0x0000000000000e70       0x30 /var/www/html/glibc-build/elf/rtld-libc.a(rtld-memcmp-sse2.os)
 .debug_aranges
                0x0000000000000ea0       0x30 /var/www/html/glibc-build/elf/rtld-libc.a(rtld-strchr-sse2.os)
 .debug_aranges
                0x0000000000000ed0       0x30 /var/www/html/glibc-build/elf/rtld-libc.a(rtld-strlen-sse2.os)
 .debug_aranges
                0x0000000000000f00       0x30 /var/www/html/glibc-build/elf/rtld-libc.a(rtld-strnlen-sse2.os)
 .debug_aranges
                0x0000000000000f30       0x30 /var/www/html/glibc-build/elf/rtld-libc.a(rtld-stpcpy-sse2.os)
 .debug_aranges
                0x0000000000000f60       0x30 /var/www/html/glibc-build/elf/rtld-libc.a(rtld-strcspn-sse2.os)
 .debug_aranges
                0x0000000000000f90       0x30 /var/www/html/glibc-build/elf/rtld-libc.a(rtld-memmove-sse2-unaligned-erms.os)
 .debug_aranges
                0x0000000000000fc0       0x30 /var/www/html/glibc-build/elf/rtld-libc.a(rtld-memset-sse2-unaligned-erms.os)
 .debug_aranges
                0x0000000000000ff0       0x30 /var/www/html/glibc-build/elf/rtld-libc.a(rtld-setitimer.os)

.debug_pubnames
 *(.debug_pubnames)

.debug_info     0x0000000000000000    0xb8737
 *(.debug_info)
 .debug_info    0x0000000000000000    0x93008 /var/www/html/glibc-build/elf/dl-allobjs.os
 .debug_info    0x0000000000093008      0xac1 /var/www/html/glibc-build/elf/rtld-libc.a(rtld-check_fds.os)
 .debug_info    0x0000000000093ac9      0x6ad /var/www/html/glibc-build/elf/rtld-libc.a(rtld-errno.os)
 .debug_info    0x0000000000094176     0x1db3 /var/www/html/glibc-build/elf/rtld-libc.a(rtld-closedir.os)
 .debug_info    0x0000000000095f29     0x1d57 /var/www/html/glibc-build/elf/rtld-libc.a(rtld-rewinddir.os)
 .debug_info    0x0000000000097c80     0x1e4a /var/www/html/glibc-build/elf/rtld-libc.a(rtld-readdir64.os)
 .debug_info    0x0000000000099aca     0x1f32 /var/www/html/glibc-build/elf/rtld-libc.a(rtld-fdopendir.os)
 .debug_info    0x000000000009b9fc     0x1cf2 /var/www/html/glibc-build/elf/rtld-libc.a(rtld-getdents64.os)
 .debug_info    0x000000000009d6ee     0x2851 /var/www/html/glibc-build/elf/rtld-libc.a(rtld-dl-addr-obj.os)
 .debug_info    0x000000000009ff3f      0xb2f /var/www/html/glibc-build/elf/rtld-libc.a(rtld-profil.os)
 .debug_info    0x00000000000a0a6e     0x38c1 /var/www/html/glibc-build/elf/rtld-libc.a(rtld-prof-freq.os)
 .debug_info    0x00000000000a432f      0x8e0 /var/www/html/glibc-build/elf/rtld-libc.a(rtld-xstat.os)
 .debug_info    0x00000000000a4c0f      0x8df /var/www/html/glibc-build/elf/rtld-libc.a(rtld-fxstat.os)
 .debug_info    0x00000000000a54ee      0x8e0 /var/www/html/glibc-build/elf/rtld-libc.a(rtld-lxstat.os)
 .debug_info    0x00000000000a5dce      0x7ee /var/www/html/glibc-build/elf/rtld-libc.a(rtld-lseek64.os)
 .debug_info    0x00000000000a65bc     0x1ef8 /var/www/html/glibc-build/elf/rtld-libc.a(rtld-access.os)
 .debug_info    0x00000000000a84b4     0x1ed5 /var/www/html/glibc-build/elf/rtld-libc.a(rtld-close_nocancel.os)
 .debug_info    0x00000000000aa389     0x21a1 /var/www/html/glibc-build/elf/rtld-libc.a(rtld-fcntl_nocancel.os)
 .debug_info    0x00000000000ac52a      0x8a4 /var/www/html/glibc-build/elf/rtld-libc.a(rtld-open64_nocancel.os)
 .debug_info    0x00000000000acdce     0x1ffb /var/www/html/glibc-build/elf/rtld-libc.a(rtld-openat64_nocancel.os)
 .debug_info    0x00000000000aedc9     0x1f39 /var/www/html/glibc-build/elf/rtld-libc.a(rtld-read_nocancel.os)
 .debug_info    0x00000000000b0d02     0x1f39 /var/www/html/glibc-build/elf/rtld-libc.a(rtld-write_nocancel.os)
 .debug_info    0x00000000000b2c3b      0x388 /var/www/html/glibc-build/elf/rtld-libc.a(rtld-scratch_buffer_set_array_size.os)
 .debug_info    0x00000000000b2fc3     0x3cb3 /var/www/html/glibc-build/elf/rtld-libc.a(rtld-mmap64.os)
 .debug_info    0x00000000000b6c76       0x2e /var/www/html/glibc-build/elf/rtld-libc.a(rtld-munmap.os)
 .debug_info    0x00000000000b6ca4       0x2e /var/www/html/glibc-build/elf/rtld-libc.a(rtld-mprotect.os)
 .debug_info    0x00000000000b6cd2       0x2e /var/www/html/glibc-build/elf/rtld-libc.a(rtld-uname.os)
 .debug_info    0x00000000000b6d00      0x7d7 /var/www/html/glibc-build/elf/rtld-libc.a(rtld-_exit.os)
 .debug_info    0x00000000000b74d7       0x2e /var/www/html/glibc-build/elf/rtld-libc.a(rtld-getpid.os)
 .debug_info    0x00000000000b7505       0xf8 /var/www/html/glibc-build/elf/rtld-libc.a(rtld-environ.os)
 .debug_info    0x00000000000b75fd       0x2e /var/www/html/glibc-build/elf/rtld-libc.a(rtld-setjmp.os)
 .debug_info    0x00000000000b762b       0x2e /var/www/html/glibc-build/elf/rtld-libc.a(rtld-__longjmp.os)
 .debug_info    0x00000000000b7659      0xc7d /var/www/html/glibc-build/elf/rtld-libc.a(rtld-sigaction.os)
 .debug_info    0x00000000000b82d6      0x20b /var/www/html/glibc-build/elf/rtld-libc.a(rtld-strdup.os)
 .debug_info    0x00000000000b84e1       0x2e /var/www/html/glibc-build/elf/rtld-libc.a(rtld-strcmp-sse2.os)
 .debug_info    0x00000000000b850f       0x2e /var/www/html/glibc-build/elf/rtld-libc.a(rtld-strncmp-sse2.os)
 .debug_info    0x00000000000b853d       0x2e /var/www/html/glibc-build/elf/rtld-libc.a(rtld-memchr-sse2.os)
 .debug_info    0x00000000000b856b       0x2e /var/www/html/glibc-build/elf/rtld-libc.a(rtld-rawmemchr-sse2.os)
 .debug_info    0x00000000000b8599       0x2e /var/www/html/glibc-build/elf/rtld-libc.a(rtld-memcmp-sse2.os)
 .debug_info    0x00000000000b85c7       0x2e /var/www/html/glibc-build/elf/rtld-libc.a(rtld-strchr-sse2.os)
 .debug_info    0x00000000000b85f5       0x2e /var/www/html/glibc-build/elf/rtld-libc.a(rtld-strlen-sse2.os)
 .debug_info    0x00000000000b8623       0x2e /var/www/html/glibc-build/elf/rtld-libc.a(rtld-strnlen-sse2.os)
 .debug_info    0x00000000000b8651       0x2e /var/www/html/glibc-build/elf/rtld-libc.a(rtld-stpcpy-sse2.os)
 .debug_info    0x00000000000b867f       0x2e /var/www/html/glibc-build/elf/rtld-libc.a(rtld-strcspn-sse2.os)
 .debug_info    0x00000000000b86ad       0x2e /var/www/html/glibc-build/elf/rtld-libc.a(rtld-memmove-sse2-unaligned-erms.os)
 .debug_info    0x00000000000b86db       0x2e /var/www/html/glibc-build/elf/rtld-libc.a(rtld-memset-sse2-unaligned-erms.os)
 .debug_info    0x00000000000b8709       0x2e /var/www/html/glibc-build/elf/rtld-libc.a(rtld-setitimer.os)

.debug_abbrev   0x0000000000000000    0x100c6
 *(.debug_abbrev)
 .debug_abbrev  0x0000000000000000     0xb94a /var/www/html/glibc-build/elf/dl-allobjs.os
 .debug_abbrev  0x000000000000b94a      0x22a /var/www/html/glibc-build/elf/rtld-libc.a(rtld-check_fds.os)
 .debug_abbrev  0x000000000000bb74      0x127 /var/www/html/glibc-build/elf/rtld-libc.a(rtld-errno.os)
 .debug_abbrev  0x000000000000bc9b      0x363 /var/www/html/glibc-build/elf/rtld-libc.a(rtld-closedir.os)
 .debug_abbrev  0x000000000000bffe      0x32f /var/www/html/glibc-build/elf/rtld-libc.a(rtld-rewinddir.os)
 .debug_abbrev  0x000000000000c32d      0x356 /var/www/html/glibc-build/elf/rtld-libc.a(rtld-readdir64.os)
 .debug_abbrev  0x000000000000c683      0x36f /var/www/html/glibc-build/elf/rtld-libc.a(rtld-fdopendir.os)
 .debug_abbrev  0x000000000000c9f2      0x343 /var/www/html/glibc-build/elf/rtld-libc.a(rtld-getdents64.os)
 .debug_abbrev  0x000000000000cd35      0x35d /var/www/html/glibc-build/elf/rtld-libc.a(rtld-dl-addr-obj.os)
 .debug_abbrev  0x000000000000d092      0x2bb /var/www/html/glibc-build/elf/rtld-libc.a(rtld-profil.os)
 .debug_abbrev  0x000000000000d34d      0x39a /var/www/html/glibc-build/elf/rtld-libc.a(rtld-prof-freq.os)
 .debug_abbrev  0x000000000000d6e7      0x188 /var/www/html/glibc-build/elf/rtld-libc.a(rtld-xstat.os)
 .debug_abbrev  0x000000000000d86f      0x197 /var/www/html/glibc-build/elf/rtld-libc.a(rtld-fxstat.os)
 .debug_abbrev  0x000000000000da06      0x188 /var/www/html/glibc-build/elf/rtld-libc.a(rtld-lxstat.os)
 .debug_abbrev  0x000000000000db8e      0x193 /var/www/html/glibc-build/elf/rtld-libc.a(rtld-lseek64.os)
 .debug_abbrev  0x000000000000dd21      0x33d /var/www/html/glibc-build/elf/rtld-libc.a(rtld-access.os)
 .debug_abbrev  0x000000000000e05e      0x34c /var/www/html/glibc-build/elf/rtld-libc.a(rtld-close_nocancel.os)
 .debug_abbrev  0x000000000000e3aa      0x3fc /var/www/html/glibc-build/elf/rtld-libc.a(rtld-fcntl_nocancel.os)
 .debug_abbrev  0x000000000000e7a6      0x197 /var/www/html/glibc-build/elf/rtld-libc.a(rtld-open64_nocancel.os)
 .debug_abbrev  0x000000000000e93d      0x358 /var/www/html/glibc-build/elf/rtld-libc.a(rtld-openat64_nocancel.os)
 .debug_abbrev  0x000000000000ec95      0x35b /var/www/html/glibc-build/elf/rtld-libc.a(rtld-read_nocancel.os)
 .debug_abbrev  0x000000000000eff0      0x35b /var/www/html/glibc-build/elf/rtld-libc.a(rtld-write_nocancel.os)
 .debug_abbrev  0x000000000000f34b      0x1ef /var/www/html/glibc-build/elf/rtld-libc.a(rtld-scratch_buffer_set_array_size.os)
 .debug_abbrev  0x000000000000f53a      0x436 /var/www/html/glibc-build/elf/rtld-libc.a(rtld-mmap64.os)
 .debug_abbrev  0x000000000000f970       0x14 /var/www/html/glibc-build/elf/rtld-libc.a(rtld-munmap.os)
 .debug_abbrev  0x000000000000f984       0x14 /var/www/html/glibc-build/elf/rtld-libc.a(rtld-mprotect.os)
 .debug_abbrev  0x000000000000f998       0x14 /var/www/html/glibc-build/elf/rtld-libc.a(rtld-uname.os)
 .debug_abbrev  0x000000000000f9ac      0x190 /var/www/html/glibc-build/elf/rtld-libc.a(rtld-_exit.os)
 .debug_abbrev  0x000000000000fb3c       0x14 /var/www/html/glibc-build/elf/rtld-libc.a(rtld-getpid.os)
 .debug_abbrev  0x000000000000fb50       0x8b /var/www/html/glibc-build/elf/rtld-libc.a(rtld-environ.os)
 .debug_abbrev  0x000000000000fbdb       0x14 /var/www/html/glibc-build/elf/rtld-libc.a(rtld-setjmp.os)
 .debug_abbrev  0x000000000000fbef       0x14 /var/www/html/glibc-build/elf/rtld-libc.a(rtld-__longjmp.os)
 .debug_abbrev  0x000000000000fc03      0x273 /var/www/html/glibc-build/elf/rtld-libc.a(rtld-sigaction.os)
 .debug_abbrev  0x000000000000fe76      0x14c /var/www/html/glibc-build/elf/rtld-libc.a(rtld-strdup.os)
 .debug_abbrev  0x000000000000ffc2       0x14 /var/www/html/glibc-build/elf/rtld-libc.a(rtld-strcmp-sse2.os)
 .debug_abbrev  0x000000000000ffd6       0x14 /var/www/html/glibc-build/elf/rtld-libc.a(rtld-strncmp-sse2.os)
 .debug_abbrev  0x000000000000ffea       0x14 /var/www/html/glibc-build/elf/rtld-libc.a(rtld-memchr-sse2.os)
 .debug_abbrev  0x000000000000fffe       0x14 /var/www/html/glibc-build/elf/rtld-libc.a(rtld-rawmemchr-sse2.os)
 .debug_abbrev  0x0000000000010012       0x14 /var/www/html/glibc-build/elf/rtld-libc.a(rtld-memcmp-sse2.os)
 .debug_abbrev  0x0000000000010026       0x14 /var/www/html/glibc-build/elf/rtld-libc.a(rtld-strchr-sse2.os)
 .debug_abbrev  0x000000000001003a       0x14 /var/www/html/glibc-build/elf/rtld-libc.a(rtld-strlen-sse2.os)
 .debug_abbrev  0x000000000001004e       0x14 /var/www/html/glibc-build/elf/rtld-libc.a(rtld-strnlen-sse2.os)
 .debug_abbrev  0x0000000000010062       0x14 /var/www/html/glibc-build/elf/rtld-libc.a(rtld-stpcpy-sse2.os)
 .debug_abbrev  0x0000000000010076       0x14 /var/www/html/glibc-build/elf/rtld-libc.a(rtld-strcspn-sse2.os)
 .debug_abbrev  0x000000000001008a       0x14 /var/www/html/glibc-build/elf/rtld-libc.a(rtld-memmove-sse2-unaligned-erms.os)
 .debug_abbrev  0x000000000001009e       0x14 /var/www/html/glibc-build/elf/rtld-libc.a(rtld-memset-sse2-unaligned-erms.os)
 .debug_abbrev  0x00000000000100b2       0x14 /var/www/html/glibc-build/elf/rtld-libc.a(rtld-setitimer.os)

.debug_line     0x0000000000000000    0x184df
 *(.debug_line .debug_line.* .debug_line_end)
 .debug_line    0x0000000000000000    0x116f3 /var/www/html/glibc-build/elf/dl-allobjs.os
 .debug_line    0x00000000000116f3      0x2b7 /var/www/html/glibc-build/elf/rtld-libc.a(rtld-check_fds.os)
 .debug_line    0x00000000000119aa      0x193 /var/www/html/glibc-build/elf/rtld-libc.a(rtld-errno.os)
 .debug_line    0x0000000000011b3d      0x48b /var/www/html/glibc-build/elf/rtld-libc.a(rtld-closedir.os)
 .debug_line    0x0000000000011fc8      0x447 /var/www/html/glibc-build/elf/rtld-libc.a(rtld-rewinddir.os)
 .debug_line    0x000000000001240f      0x498 /var/www/html/glibc-build/elf/rtld-libc.a(rtld-readdir64.os)
 .debug_line    0x00000000000128a7      0x4ea /var/www/html/glibc-build/elf/rtld-libc.a(rtld-fdopendir.os)
 .debug_line    0x0000000000012d91      0x3f7 /var/www/html/glibc-build/elf/rtld-libc.a(rtld-getdents64.os)
 .debug_line    0x0000000000013188      0x461 /var/www/html/glibc-build/elf/rtld-libc.a(rtld-dl-addr-obj.os)
 .debug_line    0x00000000000135e9      0x319 /var/www/html/glibc-build/elf/rtld-libc.a(rtld-profil.os)
 .debug_line    0x0000000000013902      0x4f5 /var/www/html/glibc-build/elf/rtld-libc.a(rtld-prof-freq.os)
 .debug_line    0x0000000000013df7      0x21e /var/www/html/glibc-build/elf/rtld-libc.a(rtld-xstat.os)
 .debug_line    0x0000000000014015      0x21f /var/www/html/glibc-build/elf/rtld-libc.a(rtld-fxstat.os)
 .debug_line    0x0000000000014234      0x21f /var/www/html/glibc-build/elf/rtld-libc.a(rtld-lxstat.os)
 .debug_line    0x0000000000014453      0x201 /var/www/html/glibc-build/elf/rtld-libc.a(rtld-lseek64.os)
 .debug_line    0x0000000000014654      0x472 /var/www/html/glibc-build/elf/rtld-libc.a(rtld-access.os)
 .debug_line    0x0000000000014ac6      0x469 /var/www/html/glibc-build/elf/rtld-libc.a(rtld-close_nocancel.os)
 .debug_line    0x0000000000014f2f      0x4b9 /var/www/html/glibc-build/elf/rtld-libc.a(rtld-fcntl_nocancel.os)
 .debug_line    0x00000000000153e8      0x267 /var/www/html/glibc-build/elf/rtld-libc.a(rtld-open64_nocancel.os)
 .debug_line    0x000000000001564f      0x4b1 /var/www/html/glibc-build/elf/rtld-libc.a(rtld-openat64_nocancel.os)
 .debug_line    0x0000000000015b00      0x468 /var/www/html/glibc-build/elf/rtld-libc.a(rtld-read_nocancel.os)
 .debug_line    0x0000000000015f68      0x469 /var/www/html/glibc-build/elf/rtld-libc.a(rtld-write_nocancel.os)
 .debug_line    0x00000000000163d1      0x126 /var/www/html/glibc-build/elf/rtld-libc.a(rtld-scratch_buffer_set_array_size.os)
 .debug_line    0x00000000000164f7      0x551 /var/www/html/glibc-build/elf/rtld-libc.a(rtld-mmap64.os)
 .debug_line    0x0000000000016a48       0x59 /var/www/html/glibc-build/elf/rtld-libc.a(rtld-munmap.os)
 .debug_line    0x0000000000016aa1       0x59 /var/www/html/glibc-build/elf/rtld-libc.a(rtld-mprotect.os)
 .debug_line    0x0000000000016afa       0x59 /var/www/html/glibc-build/elf/rtld-libc.a(rtld-uname.os)
 .debug_line    0x0000000000016b53      0x210 /var/www/html/glibc-build/elf/rtld-libc.a(rtld-_exit.os)
 .debug_line    0x0000000000016d63       0x57 /var/www/html/glibc-build/elf/rtld-libc.a(rtld-getpid.os)
 .debug_line    0x0000000000016dba       0x75 /var/www/html/glibc-build/elf/rtld-libc.a(rtld-environ.os)
 .debug_line    0x0000000000016e2f       0x61 /var/www/html/glibc-build/elf/rtld-libc.a(rtld-setjmp.os)
 .debug_line    0x0000000000016e90       0x61 /var/www/html/glibc-build/elf/rtld-libc.a(rtld-__longjmp.os)
 .debug_line    0x0000000000016ef1      0x2f8 /var/www/html/glibc-build/elf/rtld-libc.a(rtld-sigaction.os)
 .debug_line    0x00000000000171e9       0xbf /var/www/html/glibc-build/elf/rtld-libc.a(rtld-strdup.os)
 .debug_line    0x00000000000172a8      0x48f /var/www/html/glibc-build/elf/rtld-libc.a(rtld-strcmp-sse2.os)
 .debug_line    0x0000000000017737      0x525 /var/www/html/glibc-build/elf/rtld-libc.a(rtld-strncmp-sse2.os)
 .debug_line    0x0000000000017c5c      0x126 /var/www/html/glibc-build/elf/rtld-libc.a(rtld-memchr-sse2.os)
 .debug_line    0x0000000000017d82       0xd3 /var/www/html/glibc-build/elf/rtld-libc.a(rtld-rawmemchr-sse2.os)
 .debug_line    0x0000000000017e55      0x14c /var/www/html/glibc-build/elf/rtld-libc.a(rtld-memcmp-sse2.os)
 .debug_line    0x0000000000017fa1       0xde /var/www/html/glibc-build/elf/rtld-libc.a(rtld-strchr-sse2.os)
 .debug_line    0x000000000001807f       0xa5 /var/www/html/glibc-build/elf/rtld-libc.a(rtld-strlen-sse2.os)
 .debug_line    0x0000000000018124       0xa5 /var/www/html/glibc-build/elf/rtld-libc.a(rtld-strnlen-sse2.os)
 .debug_line    0x00000000000181c9       0x95 /var/www/html/glibc-build/elf/rtld-libc.a(rtld-stpcpy-sse2.os)
 .debug_line    0x000000000001825e       0x80 /var/www/html/glibc-build/elf/rtld-libc.a(rtld-strcspn-sse2.os)
 .debug_line    0x00000000000182de       0xfc /var/www/html/glibc-build/elf/rtld-libc.a(rtld-memmove-sse2-unaligned-erms.os)
 .debug_line    0x00000000000183da       0xac /var/www/html/glibc-build/elf/rtld-libc.a(rtld-memset-sse2-unaligned-erms.os)
 .debug_line    0x0000000000018486       0x59 /var/www/html/glibc-build/elf/rtld-libc.a(rtld-setitimer.os)

.debug_frame
 *(.debug_frame)

.debug_str      0x0000000000000000    0x79135
 *(.debug_str)
 .debug_str     0x0000000000000000    0x5d1c9 /var/www/html/glibc-build/elf/dl-allobjs.os
 .debug_str     0x000000000005d1c9      0x7a6 /var/www/html/glibc-build/elf/rtld-libc.a(rtld-check_fds.os)
 .debug_str     0x000000000005d96f      0x537 /var/www/html/glibc-build/elf/rtld-libc.a(rtld-errno.os)
 .debug_str     0x000000000005dea6     0x1659 /var/www/html/glibc-build/elf/rtld-libc.a(rtld-closedir.os)
 .debug_str     0x000000000005f4ff     0x15e8 /var/www/html/glibc-build/elf/rtld-libc.a(rtld-rewinddir.os)
 .debug_str     0x0000000000060ae7     0x16ab /var/www/html/glibc-build/elf/rtld-libc.a(rtld-readdir64.os)
 .debug_str     0x0000000000062192     0x175b /var/www/html/glibc-build/elf/rtld-libc.a(rtld-fdopendir.os)
 .debug_str     0x00000000000638ed     0x159c /var/www/html/glibc-build/elf/rtld-libc.a(rtld-getdents64.os)
 .debug_str     0x0000000000064e89     0x1cb4 /var/www/html/glibc-build/elf/rtld-libc.a(rtld-dl-addr-obj.os)
 .debug_str     0x0000000000066b3d      0x81b /var/www/html/glibc-build/elf/rtld-libc.a(rtld-profil.os)
 .debug_str     0x0000000000067358     0x27d1 /var/www/html/glibc-build/elf/rtld-libc.a(rtld-prof-freq.os)
 .debug_str     0x0000000000069b29      0x6a0 /var/www/html/glibc-build/elf/rtld-libc.a(rtld-xstat.os)
 .debug_str     0x000000000006a1c9      0x69e /var/www/html/glibc-build/elf/rtld-libc.a(rtld-fxstat.os)
 .debug_str     0x000000000006a867      0x6a3 /var/www/html/glibc-build/elf/rtld-libc.a(rtld-lxstat.os)
 .debug_str     0x000000000006af0a      0x616 /var/www/html/glibc-build/elf/rtld-libc.a(rtld-lseek64.os)
 .debug_str     0x000000000006b520     0x17f3 /var/www/html/glibc-build/elf/rtld-libc.a(rtld-access.os)
 .debug_str     0x000000000006cd13     0x1808 /var/www/html/glibc-build/elf/rtld-libc.a(rtld-close_nocancel.os)
 .debug_str     0x000000000006e51b     0x18ed /var/www/html/glibc-build/elf/rtld-libc.a(rtld-fcntl_nocancel.os)
 .debug_str     0x000000000006fe08      0x6ad /var/www/html/glibc-build/elf/rtld-libc.a(rtld-open64_nocancel.os)
 .debug_str     0x00000000000704b5     0x18b1 /var/www/html/glibc-build/elf/rtld-libc.a(rtld-openat64_nocancel.os)
 .debug_str     0x0000000000071d66     0x182c /var/www/html/glibc-build/elf/rtld-libc.a(rtld-read_nocancel.os)
 .debug_str     0x0000000000073592     0x182f /var/www/html/glibc-build/elf/rtld-libc.a(rtld-write_nocancel.os)
 .debug_str     0x0000000000074dc1      0x2f1 /var/www/html/glibc-build/elf/rtld-libc.a(rtld-scratch_buffer_set_array_size.os)
 .debug_str     0x00000000000750b2     0x28ec /var/www/html/glibc-build/elf/rtld-libc.a(rtld-mmap64.os)
 .debug_str     0x000000000007799e       0x4d /var/www/html/glibc-build/elf/rtld-libc.a(rtld-munmap.os)
 .debug_str     0x00000000000779eb       0x4d /var/www/html/glibc-build/elf/rtld-libc.a(rtld-mprotect.os)
 .debug_str     0x0000000000077a38       0x4e /var/www/html/glibc-build/elf/rtld-libc.a(rtld-uname.os)
 .debug_str     0x0000000000077a86      0x5f7 /var/www/html/glibc-build/elf/rtld-libc.a(rtld-_exit.os)
 .debug_str     0x000000000007807d       0x4e /var/www/html/glibc-build/elf/rtld-libc.a(rtld-getpid.os)
 .debug_str     0x00000000000780cb      0x1dd /var/www/html/glibc-build/elf/rtld-libc.a(rtld-environ.os)
 .debug_str     0x00000000000782a8       0x47 /var/www/html/glibc-build/elf/rtld-libc.a(rtld-setjmp.os)
 .debug_str     0x00000000000782ef       0x4a /var/www/html/glibc-build/elf/rtld-libc.a(rtld-__longjmp.os)
 .debug_str     0x0000000000078339      0x7e7 /var/www/html/glibc-build/elf/rtld-libc.a(rtld-sigaction.os)
 .debug_str     0x0000000000078b20      0x1f4 /var/www/html/glibc-build/elf/rtld-libc.a(rtld-strdup.os)
 .debug_str     0x0000000000078d14       0x47 /var/www/html/glibc-build/elf/rtld-libc.a(rtld-strcmp-sse2.os)
 .debug_str     0x0000000000078d5b       0x47 /var/www/html/glibc-build/elf/rtld-libc.a(rtld-strncmp-sse2.os)
 .debug_str     0x0000000000078da2       0x54 /var/www/html/glibc-build/elf/rtld-libc.a(rtld-memchr-sse2.os)
 .debug_str     0x0000000000078df6       0x57 /var/www/html/glibc-build/elf/rtld-libc.a(rtld-rawmemchr-sse2.os)
 .debug_str     0x0000000000078e4d       0x47 /var/www/html/glibc-build/elf/rtld-libc.a(rtld-memcmp-sse2.os)
 .debug_str     0x0000000000078e94       0x54 /var/www/html/glibc-build/elf/rtld-libc.a(rtld-strchr-sse2.os)
 .debug_str     0x0000000000078ee8       0x54 /var/www/html/glibc-build/elf/rtld-libc.a(rtld-strlen-sse2.os)
 .debug_str     0x0000000000078f3c       0x54 /var/www/html/glibc-build/elf/rtld-libc.a(rtld-strnlen-sse2.os)
 .debug_str     0x0000000000078f90       0x47 /var/www/html/glibc-build/elf/rtld-libc.a(rtld-stpcpy-sse2.os)
 .debug_str     0x0000000000078fd7       0x48 /var/www/html/glibc-build/elf/rtld-libc.a(rtld-strcspn-sse2.os)
 .debug_str     0x000000000007901f       0x65 /var/www/html/glibc-build/elf/rtld-libc.a(rtld-memmove-sse2-unaligned-erms.os)
 .debug_str     0x0000000000079084       0x64 /var/www/html/glibc-build/elf/rtld-libc.a(rtld-memset-sse2-unaligned-erms.os)
 .debug_str     0x00000000000790e8       0x4d /var/www/html/glibc-build/elf/rtld-libc.a(rtld-setitimer.os)

.debug_loc      0x0000000000000000    0x31d22
 *(.debug_loc)
 .debug_loc     0x0000000000000000    0x2f9c0 /var/www/html/glibc-build/elf/dl-allobjs.os
 .debug_loc     0x000000000002f9c0      0x138 /var/www/html/glibc-build/elf/rtld-libc.a(rtld-check_fds.os)
 .debug_loc     0x000000000002faf8       0x82 /var/www/html/glibc-build/elf/rtld-libc.a(rtld-closedir.os)
 .debug_loc     0x000000000002fb7a       0x4c /var/www/html/glibc-build/elf/rtld-libc.a(rtld-rewinddir.os)
 .debug_loc     0x000000000002fbc6      0x1a8 /var/www/html/glibc-build/elf/rtld-libc.a(rtld-readdir64.os)
 .debug_loc     0x000000000002fd6e       0xbe /var/www/html/glibc-build/elf/rtld-libc.a(rtld-fdopendir.os)
 .debug_loc     0x000000000002fe2c       0x5b /var/www/html/glibc-build/elf/rtld-libc.a(rtld-getdents64.os)
 .debug_loc     0x000000000002fe87       0x65 /var/www/html/glibc-build/elf/rtld-libc.a(rtld-dl-addr-obj.os)
 .debug_loc     0x000000000002feec      0x23a /var/www/html/glibc-build/elf/rtld-libc.a(rtld-profil.os)
 .debug_loc     0x0000000000030126      0x182 /var/www/html/glibc-build/elf/rtld-libc.a(rtld-xstat.os)
 .debug_loc     0x00000000000302a8      0x182 /var/www/html/glibc-build/elf/rtld-libc.a(rtld-fxstat.os)
 .debug_loc     0x000000000003042a      0x182 /var/www/html/glibc-build/elf/rtld-libc.a(rtld-lxstat.os)
 .debug_loc     0x00000000000305ac       0x5b /var/www/html/glibc-build/elf/rtld-libc.a(rtld-lseek64.os)
 .debug_loc     0x0000000000030607       0x5b /var/www/html/glibc-build/elf/rtld-libc.a(rtld-access.os)
 .debug_loc     0x0000000000030662       0x5b /var/www/html/glibc-build/elf/rtld-libc.a(rtld-close_nocancel.os)
 .debug_loc     0x00000000000306bd      0x337 /var/www/html/glibc-build/elf/rtld-libc.a(rtld-fcntl_nocancel.os)
 .debug_loc     0x00000000000309f4      0x299 /var/www/html/glibc-build/elf/rtld-libc.a(rtld-open64_nocancel.os)
 .debug_loc     0x0000000000030c8d      0x1b7 /var/www/html/glibc-build/elf/rtld-libc.a(rtld-openat64_nocancel.os)
 .debug_loc     0x0000000000030e44       0x5b /var/www/html/glibc-build/elf/rtld-libc.a(rtld-read_nocancel.os)
 .debug_loc     0x0000000000030e9f       0x5b /var/www/html/glibc-build/elf/rtld-libc.a(rtld-write_nocancel.os)
 .debug_loc     0x0000000000030efa      0x323 /var/www/html/glibc-build/elf/rtld-libc.a(rtld-scratch_buffer_set_array_size.os)
 .debug_loc     0x000000000003121d      0x57d /var/www/html/glibc-build/elf/rtld-libc.a(rtld-mmap64.os)
 .debug_loc     0x000000000003179a      0x148 /var/www/html/glibc-build/elf/rtld-libc.a(rtld-_exit.os)
 .debug_loc     0x00000000000318e2      0x339 /var/www/html/glibc-build/elf/rtld-libc.a(rtld-sigaction.os)
 .debug_loc     0x0000000000031c1b      0x107 /var/www/html/glibc-build/elf/rtld-libc.a(rtld-strdup.os)

.debug_macinfo
 *(.debug_macinfo)

.debug_weaknames
 *(.debug_weaknames)

.debug_funcnames
 *(.debug_funcnames)

.debug_typenames
 *(.debug_typenames)

.debug_varnames
 *(.debug_varnames)

.debug_pubtypes
 *(.debug_pubtypes)

.debug_ranges   0x0000000000000000     0x7760
 *(.debug_ranges)
 .debug_ranges  0x0000000000000000     0x7270 /var/www/html/glibc-build/elf/dl-allobjs.os
 .debug_ranges  0x0000000000007270       0xa0 /var/www/html/glibc-build/elf/rtld-libc.a(rtld-readdir64.os)
 .debug_ranges  0x0000000000007310       0x30 /var/www/html/glibc-build/elf/rtld-libc.a(rtld-getdents64.os)
 .debug_ranges  0x0000000000007340       0x30 /var/www/html/glibc-build/elf/rtld-libc.a(rtld-profil.os)
 .debug_ranges  0x0000000000007370       0x30 /var/www/html/glibc-build/elf/rtld-libc.a(rtld-xstat.os)
 .debug_ranges  0x00000000000073a0       0x30 /var/www/html/glibc-build/elf/rtld-libc.a(rtld-fxstat.os)
 .debug_ranges  0x00000000000073d0       0x30 /var/www/html/glibc-build/elf/rtld-libc.a(rtld-lxstat.os)
 .debug_ranges  0x0000000000007400       0x30 /var/www/html/glibc-build/elf/rtld-libc.a(rtld-lseek64.os)
 .debug_ranges  0x0000000000007430       0x30 /var/www/html/glibc-build/elf/rtld-libc.a(rtld-access.os)
 .debug_ranges  0x0000000000007460       0x30 /var/www/html/glibc-build/elf/rtld-libc.a(rtld-close_nocancel.os)
 .debug_ranges  0x0000000000007490       0x60 /var/www/html/glibc-build/elf/rtld-libc.a(rtld-fcntl_nocancel.os)
 .debug_ranges  0x00000000000074f0       0x30 /var/www/html/glibc-build/elf/rtld-libc.a(rtld-open64_nocancel.os)
 .debug_ranges  0x0000000000007520       0x30 /var/www/html/glibc-build/elf/rtld-libc.a(rtld-openat64_nocancel.os)
 .debug_ranges  0x0000000000007550       0x30 /var/www/html/glibc-build/elf/rtld-libc.a(rtld-read_nocancel.os)
 .debug_ranges  0x0000000000007580       0x30 /var/www/html/glibc-build/elf/rtld-libc.a(rtld-write_nocancel.os)
 .debug_ranges  0x00000000000075b0       0x60 /var/www/html/glibc-build/elf/rtld-libc.a(rtld-mmap64.os)
 .debug_ranges  0x0000000000007610       0x90 /var/www/html/glibc-build/elf/rtld-libc.a(rtld-_exit.os)
 .debug_ranges  0x00000000000076a0       0xc0 /var/www/html/glibc-build/elf/rtld-libc.a(rtld-sigaction.os)

.debug_macro
 *(.debug_macro)

.debug_addr
 *(.debug_addr)

.gnu.attributes
 *(.gnu.attributes)
OUTPUT(/var/www/html/glibc-build/elf/librtld.os elf64-x86-64)
